<html>
<body>
<pre>
<h1>µVision Build Log</h1>
<h2>Tool Versions:</h2>
IDE-Version: µVision V5.36.0.0
Copyright (C) 2021 ARM Ltd and ARM Germany GmbH. All rights reserved.
License Information: Yves Röhrig ZHAW Flex license: MDK Professional 5.36 (Flex): 50 user(s) (mdk_pro) Operation stops: 31 Dec 2022
 
Tool Versions:
Toolchain:       MDK Professional 5.36 (Flex): 50 user(s)  Version: 5.36.0.0
Toolchain Path:  C:\Keil_v5\ARM\ARMCLANG\Bin
C Compiler:      ArmClang.exe V6.16
Assembler:       Armasm.exe V6.16
Linker/Locator:  ArmLink.exe V6.16
Library Manager: ArmAr.exe V6.16
Hex Converter:   FromElf.exe V6.16
CPU DLL:         SARMCM3.DLL V5.36.0.0
Dialog DLL:      DCM.DLL V1.17.3.0
Target DLL:      STLink\ST-LINKIII-KEIL_SWO.dll V3.0.9.0
Dialog DLL:      TCM.DLL V1.53.0.0
 
<h2>Project:</h2>
C:\Users\yvesroehrig\Documents\GitHub\ETPM3\Application\Project\MDK-ARM\Project.uvprojx
Project File Date:  12/03/2021

<h2>Output:</h2>
*** Using Compiler 'V6.16', folder: 'C:\Keil_v5\ARM\ARMCLANG\Bin'
Rebuild target 'STM32F429-Discovery'
compiling stm32f429i_discovery_io.c...
compiling stm32f429i_discovery_sdram.c...
compiling stm32f429i_discovery.c...
compiling ili9341.c...
compiling stmpe811.c...
compiling stm32f429i_discovery_ts.c...
compiling stm32f4xx_hal_gpio.c...
compiling stm32f4xx_hal_i2c_ex.c...
compiling stm32f4xx_hal_pwr_ex.c...
compiling stm32f4xx_hal_dma2d.c...
compiling stm32f4xx_hal_i2c.c...
compiling stm32f4xx_hal_rcc.c...
compiling stm32f4xx_ll_fmc.c...
compiling stm32f4xx_hal_cortex.c...
compiling stm32f4xx_hal_ltdc.c...
compiling stm32f4xx_hal_sdram.c...
compiling stm32f4xx_hal_dma.c...
compiling stm32f4xx_hal.c...
compiling stm32f4xx_hal_pwr.c...
compiling stm32f4xx_hal_rcc_ex.c...
compiling stm32f4xx_hal_uart.c...
compiling stm32f4xx_hal_rtc.c...
compiling stm32f4xx_hal_rtc_ex.c...
compiling ew_bsp_graphics.c...
compiling stm32f4xx_hal_spi.c...
compiling ew_bsp_clock.c...
compiling ew_bsp_display.c...
compiling ew_bsp_event.c...
compiling ew_bsp_inout.c...
compiling ew_bsp_console.c...
compiling ew_bsp_system.c...
compiling ew_bsp_touch.c...
compiling stm32f4xx_it.c...
assembling startup_stm32f429xx.s...
compiling system_stm32f4xx.c...
compiling main.c...
compiling DeviceDriver.c...
compiling ewmain.c...
compiling led.c...
compiling list.c...
compiling timers.c...
compiling queue.c...
compiling tasks.c...
compiling port.c...
compiling cmsis_os.c...
compiling heap_4.c...
C:/Users/yvesroehrig/Documents/GitHub/ETPM3/Application/GeneratedCode/Application.c(1131): warning: implicit declaration of function 'DeviceDriver_SetLampTest' is invalid in C99 [-Wimplicit-function-declaration]
      DeviceDriver_SetLampTest();
      ^
1 warning generated.
compiling Application.c...
compiling Effects.c...
compiling Resources.c...
compiling Graphics.c...
compiling Templates.c...
compiling Core.c...
compiling Views.c...
compiling ewextgfx.c...
compiling WidgetSet.c...
compiling ewextrte.c...
linking...
Program Size: Code=251544 RO-data=142360 RW-data=128 ZI-data=20320  
FromELF: creating hex file...
"STM32F429-Discovery\EmbeddedWizard-STM32F429-Discovery.axf" - 0 Error(s), 1 Warning(s).

<h2>Software Packages used:</h2>

Package Vendor: TARA Systems
                
                TARA Systems.EmWiGeneratedCode.1.0.0
                Generated Code of Embedded Wizard
   * Component: Generated Code Version: 
   * Component: Open Project Version: 
   * Component: Platform Package Version: 

Package Vendor: Tara
                http://www.embedded-wizard.de/pack/Tara.Embedded_Wizard_Launcher.0.6.0.pack
                Tara.Embedded_Wizard_Launcher.0.6.0
                Launches the Embedded Wizard Studio
   * Component: New Project... Version: 1.0.0

Package Vendor: Keil
                http://www.keil.com/pack/Keil.STM32F4xx_DFP.2.15.0.pack
                Keil.STM32F4xx_DFP.2.15.0
                STMicroelectronics STM32F4 Series Device Support, Drivers and Examples

<h2>Collection of Component include folders:</h2>
  .\RTE\_STM32F429-Discovery
  C:\Users\yvesroehrig\AppData\Local\Arm\Packs\Keil\STM32F4xx_DFP\2.15.0\Drivers\CMSIS\Device\ST\STM32F4xx\Include
  C:\Users\yvesroehrig\Documents\GitHub\ETPM3\PlatformPackage\RGB565
  C:\Users\yvesroehrig\Documents\GitHub\ETPM3\PlatformPackage\RTE

<h2>Collection of Component Files used:</h2>

   * Component: TARA Systems::EmWi/GeneratedCode:Generated Code
      Source file:   Effects.c
      Source file:   Resources.c
      Source file:   Views.c
      Source file:   Templates.c
      Source file:   WidgetSet.c
      Source file:   _ApplicationHomeIcon.h
      Source file:   _ApplicationWarnSign.h
      Source file:   _ApplicationZhawLogo.h
      Source file:   _ResourcesFontLarge.h
      Source file:   _ResourcesFontMedium.h
      Source file:   _WidgetSetGaugeTrackMedium.h
      Source file:   Application.c
      Source file:   Graphics.c
      Source file:   _ApplicationBlueNeedle.h
      Source file:   _ApplicationFont.h
      Source file:   _ApplicationTitelFont.h
      Source file:   Core.c
      Source file:   _WidgetSetSwitchMedium.h
      Source file:   _WidgetSetPushButtonMedium.h
      Source file:   _WidgetSetHorizontalValueBarMedium.h

   * Component: TARA Systems::EmWi/PlatformPackage:Platform Package
      Source file:   ..\..\PlatformPackage\RTE\ewextrte.c
      Library file:  ..\..\PlatformPackage\RGB565\libewgfx-m4-r180-keil.lib
      Library file:  ..\..\PlatformPackage\RTE\libewrte-m4-keil.lib
      Source file:   ..\..\PlatformPackage\RGB565\ewextgfx.c
Build Time Elapsed:  00:00:11
</pre>
</body>
</html>
