<!doctype html public "-//w3c//dtd html 4.0 transitional//en">
<html><head>
<title>Static Call Graph - [STM32F429-Discovery\EmbeddedWizard-STM32F429-Discovery.axf]</title></head>
<body><HR>
<H1>Static Call Graph for image STM32F429-Discovery\EmbeddedWizard-STM32F429-Discovery.axf</H1><HR>
<BR><P>#&#060CALLGRAPH&#062# ARM Linker, 6160001: Last Updated: Thu Dec  9 11:55:07 2021
<BR><P>
<H3>Maximum Stack Usage =       2316 bytes + Unknown(Cycles, Untraceable Function Pointers)</H3><H3>
Call chain for Maximum Stack Depth:</H3>
ViewsFrame_Draw &rArr; GraphicsCanvas_DrawBitmapFrame &rArr; EwDrawBitmapFrame &rArr; EwTileBitmap &rArr; MapBitmapFrame &rArr; DrawFrameGrid &rArr; EwLockSurface &rArr; EwFlushTasks &rArr;  EwFlushTasks (Cycle)
<P>
<H3>
Mutually Recursive functions
</H3> <LI><a href="#[1c]">ADC_IRQHandler</a>&nbsp;&nbsp;&nbsp;&rArr;&nbsp;&nbsp;&nbsp;<a href="#[1c]">ADC_IRQHandler</a><BR>
 <LI><a href="#[2cb]">CoreGroup_SwitchToDialog</a>&nbsp;&nbsp;&nbsp;&rArr;&nbsp;&nbsp;&nbsp;<a href="#[294]">CoreGroup_PresentDialog</a><BR>
 <LI><a href="#[3e4]">EwExecuteTasks</a>&nbsp;&nbsp;&nbsp;&rArr;&nbsp;&nbsp;&nbsp;<a href="#[33b]">EwLockSurface</a><BR>
 <LI><a href="#[3e8]">WarpSurface2</a>&nbsp;&nbsp;&nbsp;&rArr;&nbsp;&nbsp;&nbsp;<a href="#[33b]">EwLockSurface</a><BR>
 <LI><a href="#[3a8]">EwFlushTasks</a>&nbsp;&nbsp;&nbsp;&rArr;&nbsp;&nbsp;&nbsp;<a href="#[3a8]">EwFlushTasks</a><BR>
 <LI><a href="#[3d3]">GetGlyph</a>&nbsp;&nbsp;&nbsp;&rArr;&nbsp;&nbsp;&nbsp;<a href="#[3d3]">GetGlyph</a><BR>
</UL>
<P>
<H3>
Function Pointers
</H3><UL>
 <LI><a href="#[1c]">ADC_IRQHandler</a> from startup_stm32f429xx.o(.text) referenced from startup_stm32f429xx.o(RESET)
 <LI><a href="#[14f]">ApplicationApplication__Done</a> from application.o(.text.ApplicationApplication__Done) referenced from application.o(.rodata.__vmt_ApplicationApplication)
 <LI><a href="#[14d]">ApplicationApplication__Init</a> from application.o(.text.ApplicationApplication__Init) referenced from application.o(.rodata.__vmt_ApplicationApplication)
 <LI><a href="#[14e]">ApplicationApplication__ReInit</a> from application.o(.text.ApplicationApplication__ReInit) referenced from application.o(.rodata.__vmt_ApplicationApplication)
 <LI><a href="#[145]">ApplicationBlueGauge__Init</a> from application.o(.text.ApplicationBlueGauge__Init) referenced from application.o(.rodata._ApplicationBlueGauge)
 <LI><a href="#[67]">ApplicationCalibration_UpdateViewMenu</a> from application.o(.text.ApplicationCalibration_UpdateViewMenu) referenced 2 times from application.o(.text.ApplicationCalibration__Init)
 <LI><a href="#[164]">ApplicationCalibration__Done</a> from application.o(.text.ApplicationCalibration__Done) referenced from application.o(.rodata.__vmt_ApplicationCalibration)
 <LI><a href="#[162]">ApplicationCalibration__Init</a> from application.o(.text.ApplicationCalibration__Init) referenced from application.o(.rodata.__vmt_ApplicationCalibration)
 <LI><a href="#[163]">ApplicationCalibration__ReInit</a> from application.o(.text.ApplicationCalibration__ReInit) referenced from application.o(.rodata.__vmt_ApplicationCalibration)
 <LI><a href="#[6a]">ApplicationCurrentMeasurement_UpdateViewMenu</a> from application.o(.text.ApplicationCurrentMeasurement_UpdateViewMenu) referenced 2 times from application.o(.text.ApplicationCurrentMeasurement__Init)
 <LI><a href="#[171]">ApplicationCurrentMeasurement__Done</a> from application.o(.text.ApplicationCurrentMeasurement__Done) referenced from application.o(.rodata.__vmt_ApplicationCurrentMeasurement)
 <LI><a href="#[16f]">ApplicationCurrentMeasurement__Init</a> from application.o(.text.ApplicationCurrentMeasurement__Init) referenced from application.o(.rodata.__vmt_ApplicationCurrentMeasurement)
 <LI><a href="#[170]">ApplicationCurrentMeasurement__ReInit</a> from application.o(.text.ApplicationCurrentMeasurement__ReInit) referenced from application.o(.rodata.__vmt_ApplicationCurrentMeasurement)
 <LI><a href="#[6b]">ApplicationDebug_UpdateViewMenu</a> from application.o(.text.ApplicationDebug_UpdateViewMenu) referenced 2 times from application.o(.text.ApplicationDebug__Init)
 <LI><a href="#[174]">ApplicationDebug__Done</a> from application.o(.text.ApplicationDebug__Done) referenced from application.o(.rodata.__vmt_ApplicationDebug)
 <LI><a href="#[172]">ApplicationDebug__Init</a> from application.o(.text.ApplicationDebug__Init) referenced from application.o(.rodata.__vmt_ApplicationDebug)
 <LI><a href="#[173]">ApplicationDebug__ReInit</a> from application.o(.text.ApplicationDebug__ReInit) referenced from application.o(.rodata.__vmt_ApplicationDebug)
 <LI><a href="#[6c]">ApplicationDetectorScreen_UpdateViewMenu</a> from application.o(.text.ApplicationDetectorScreen_UpdateViewMenu) referenced 2 times from application.o(.text.ApplicationDetectorScreen__Init)
 <LI><a href="#[177]">ApplicationDetectorScreen__Done</a> from application.o(.text.ApplicationDetectorScreen__Done) referenced from application.o(.rodata.__vmt_ApplicationDetectorScreen)
 <LI><a href="#[175]">ApplicationDetectorScreen__Init</a> from application.o(.text.ApplicationDetectorScreen__Init) referenced from application.o(.rodata.__vmt_ApplicationDetectorScreen)
 <LI><a href="#[176]">ApplicationDetectorScreen__ReInit</a> from application.o(.text.ApplicationDetectorScreen__ReInit) referenced from application.o(.rodata.__vmt_ApplicationDetectorScreen)
 <LI><a href="#[6f]">ApplicationDeviceClass_OnGetAngle</a> from application.o(.text.ApplicationDeviceClass_OnGetAngle) referenced 2 times from application.o(.text.ApplicationDeviceClass__UpdateAngle)
 <LI><a href="#[6f]">ApplicationDeviceClass_OnGetAngle</a> from application.o(.text.ApplicationDeviceClass_OnGetAngle) referenced 2 times from application.o(.text.ApplicationDistanceMeasurement__Init)
 <LI><a href="#[68]">ApplicationDeviceClass_OnGetCurrent</a> from application.o(.text.ApplicationDeviceClass_OnGetCurrent) referenced 2 times from application.o(.text.ApplicationCurrentMeasurement__Init)
 <LI><a href="#[68]">ApplicationDeviceClass_OnGetCurrent</a> from application.o(.text.ApplicationDeviceClass_OnGetCurrent) referenced 2 times from application.o(.text.ApplicationDeviceClass__UpdateCurrent)
 <LI><a href="#[71]">ApplicationDeviceClass_OnGetDistance</a> from application.o(.text.ApplicationDeviceClass_OnGetDistance) referenced 2 times from application.o(.text.ApplicationDeviceClass__UpdateDistance)
 <LI><a href="#[71]">ApplicationDeviceClass_OnGetDistance</a> from application.o(.text.ApplicationDeviceClass_OnGetDistance) referenced 2 times from application.o(.text.ApplicationDistanceMeasurement__Init)
 <LI><a href="#[6d]">ApplicationDeviceClass_OnGetLamptest</a> from application.o(.text.ApplicationDeviceClass_OnGetLamptest) referenced 2 times from application.o(.text.ApplicationDeviceClass_OnSetLamptest)
 <LI><a href="#[6d]">ApplicationDeviceClass_OnGetLamptest</a> from application.o(.text.ApplicationDeviceClass_OnGetLamptest) referenced 2 times from application.o(.text.ApplicationSettings__Init)
 <LI><a href="#[70]">ApplicationDeviceClass_OnSetAngle</a> from application.o(.text.ApplicationDeviceClass_OnSetAngle) referenced 2 times from application.o(.text.ApplicationDeviceClass__UpdateAngle)
 <LI><a href="#[70]">ApplicationDeviceClass_OnSetAngle</a> from application.o(.text.ApplicationDeviceClass_OnSetAngle) referenced 4 times from application.o(.text.ApplicationDistanceMeasurement__Init)
 <LI><a href="#[69]">ApplicationDeviceClass_OnSetCurrent</a> from application.o(.text.ApplicationDeviceClass_OnSetCurrent) referenced 2 times from application.o(.text.ApplicationCurrentMeasurement__Init)
 <LI><a href="#[69]">ApplicationDeviceClass_OnSetCurrent</a> from application.o(.text.ApplicationDeviceClass_OnSetCurrent) referenced 2 times from application.o(.text.ApplicationDeviceClass__UpdateCurrent)
 <LI><a href="#[72]">ApplicationDeviceClass_OnSetDistance</a> from application.o(.text.ApplicationDeviceClass_OnSetDistance) referenced 2 times from application.o(.text.ApplicationDeviceClass__UpdateDistance)
 <LI><a href="#[72]">ApplicationDeviceClass_OnSetDistance</a> from application.o(.text.ApplicationDeviceClass_OnSetDistance) referenced 4 times from application.o(.text.ApplicationDistanceMeasurement__Init)
 <LI><a href="#[6e]">ApplicationDeviceClass_OnSetLamptest</a> from application.o(.text.ApplicationDeviceClass_OnSetLamptest) referenced 2 times from application.o(.text.ApplicationDeviceClass_OnSetLamptest)
 <LI><a href="#[6e]">ApplicationDeviceClass_OnSetLamptest</a> from application.o(.text.ApplicationDeviceClass_OnSetLamptest) referenced 2 times from application.o(.text.ApplicationSettings__Init)
 <LI><a href="#[17a]">ApplicationDeviceClass__Done</a> from application.o(.text.ApplicationDeviceClass__Done) referenced from application.o(.rodata.__vmt_ApplicationDeviceClass)
 <LI><a href="#[178]">ApplicationDeviceClass__Init</a> from application.o(.text.ApplicationDeviceClass__Init) referenced from application.o(.rodata.__vmt_ApplicationDeviceClass)
 <LI><a href="#[179]">ApplicationDeviceClass__ReInit</a> from application.o(.text.ApplicationDeviceClass__ReInit) referenced from application.o(.rodata.__vmt_ApplicationDeviceClass)
 <LI><a href="#[146]">ApplicationDevice__Init</a> from application.o(.text.ApplicationDevice__Init) referenced from application.o(.rodata._ApplicationDevice)
 <LI><a href="#[73]">ApplicationDistanceMeasurement_UpdateViewMenu</a> from application.o(.text.ApplicationDistanceMeasurement_UpdateViewMenu) referenced 2 times from application.o(.text.ApplicationDistanceMeasurement__Init)
 <LI><a href="#[17d]">ApplicationDistanceMeasurement__Done</a> from application.o(.text.ApplicationDistanceMeasurement__Done) referenced from application.o(.rodata.__vmt_ApplicationDistanceMeasurement)
 <LI><a href="#[17b]">ApplicationDistanceMeasurement__Init</a> from application.o(.text.ApplicationDistanceMeasurement__Init) referenced from application.o(.rodata.__vmt_ApplicationDistanceMeasurement)
 <LI><a href="#[17c]">ApplicationDistanceMeasurement__ReInit</a> from application.o(.text.ApplicationDistanceMeasurement__ReInit) referenced from application.o(.rodata.__vmt_ApplicationDistanceMeasurement)
 <LI><a href="#[74]">ApplicationMenu_UpdateViewCurrent</a> from application.o(.text.ApplicationMenu_UpdateViewCurrent) referenced 2 times from application.o(.text.ApplicationMenu__Init)
 <LI><a href="#[76]">ApplicationMenu_UpdateViewDetector</a> from application.o(.text.ApplicationMenu_UpdateViewDetector) referenced 2 times from application.o(.text.ApplicationMenu__Init)
 <LI><a href="#[75]">ApplicationMenu_UpdateViewDistance</a> from application.o(.text.ApplicationMenu_UpdateViewDistance) referenced 2 times from application.o(.text.ApplicationMenu__Init)
 <LI><a href="#[77]">ApplicationMenu_UpdateViewSettings</a> from application.o(.text.ApplicationMenu_UpdateViewSettings) referenced 2 times from application.o(.text.ApplicationMenu__Init)
 <LI><a href="#[180]">ApplicationMenu__Done</a> from application.o(.text.ApplicationMenu__Done) referenced from application.o(.rodata.__vmt_ApplicationMenu)
 <LI><a href="#[17e]">ApplicationMenu__Init</a> from application.o(.text.ApplicationMenu__Init) referenced from application.o(.rodata.__vmt_ApplicationMenu)
 <LI><a href="#[17f]">ApplicationMenu__ReInit</a> from application.o(.text.ApplicationMenu__ReInit) referenced from application.o(.rodata.__vmt_ApplicationMenu)
 <LI><a href="#[79]">ApplicationSettings_UpdateViewCalibration</a> from application.o(.text.ApplicationSettings_UpdateViewCalibration) referenced 2 times from application.o(.text.ApplicationSettings__Init)
 <LI><a href="#[7a]">ApplicationSettings_UpdateViewDebug</a> from application.o(.text.ApplicationSettings_UpdateViewDebug) referenced 2 times from application.o(.text.ApplicationSettings__Init)
 <LI><a href="#[78]">ApplicationSettings_UpdateViewMenu</a> from application.o(.text.ApplicationSettings_UpdateViewMenu) referenced 2 times from application.o(.text.ApplicationSettings__Init)
 <LI><a href="#[183]">ApplicationSettings__Done</a> from application.o(.text.ApplicationSettings__Done) referenced from application.o(.rodata.__vmt_ApplicationSettings)
 <LI><a href="#[181]">ApplicationSettings__Init</a> from application.o(.text.ApplicationSettings__Init) referenced from application.o(.rodata.__vmt_ApplicationSettings)
 <LI><a href="#[182]">ApplicationSettings__ReInit</a> from application.o(.text.ApplicationSettings__ReInit) referenced from application.o(.rodata.__vmt_ApplicationSettings)
 <LI><a href="#[7b]">ApplicationWelcomeScreen_UpdateViewMenu</a> from application.o(.text.ApplicationWelcomeScreen_UpdateViewMenu) referenced 2 times from application.o(.text.ApplicationWelcomeScreen__Init)
 <LI><a href="#[186]">ApplicationWelcomeScreen__Done</a> from application.o(.text.ApplicationWelcomeScreen__Done) referenced from application.o(.rodata.__vmt_ApplicationWelcomeScreen)
 <LI><a href="#[184]">ApplicationWelcomeScreen__Init</a> from application.o(.text.ApplicationWelcomeScreen__Init) referenced from application.o(.rodata.__vmt_ApplicationWelcomeScreen)
 <LI><a href="#[185]">ApplicationWelcomeScreen__ReInit</a> from application.o(.text.ApplicationWelcomeScreen__ReInit) referenced from application.o(.rodata.__vmt_ApplicationWelcomeScreen)
 <LI><a href="#[4]">BusFault_Handler</a> from stm32f4xx_it.o(.text.BusFault_Handler) referenced from startup_stm32f429xx.o(RESET)
 <LI><a href="#[1e]">CAN1_RX0_IRQHandler</a> from startup_stm32f429xx.o(.text) referenced from startup_stm32f429xx.o(RESET)
 <LI><a href="#[1f]">CAN1_RX1_IRQHandler</a> from startup_stm32f429xx.o(.text) referenced from startup_stm32f429xx.o(RESET)
 <LI><a href="#[20]">CAN1_SCE_IRQHandler</a> from startup_stm32f429xx.o(.text) referenced from startup_stm32f429xx.o(RESET)
 <LI><a href="#[1d]">CAN1_TX_IRQHandler</a> from startup_stm32f429xx.o(.text) referenced from startup_stm32f429xx.o(RESET)
 <LI><a href="#[4a]">CAN2_RX0_IRQHandler</a> from startup_stm32f429xx.o(.text) referenced from startup_stm32f429xx.o(RESET)
 <LI><a href="#[4b]">CAN2_RX1_IRQHandler</a> from startup_stm32f429xx.o(.text) referenced from startup_stm32f429xx.o(RESET)
 <LI><a href="#[4c]">CAN2_SCE_IRQHandler</a> from startup_stm32f429xx.o(.text) referenced from startup_stm32f429xx.o(RESET)
 <LI><a href="#[49]">CAN2_TX_IRQHandler</a> from startup_stm32f429xx.o(.text) referenced from startup_stm32f429xx.o(RESET)
 <LI><a href="#[189]">CoreCursorEvent__Done</a> from core.o(.text.CoreCursorEvent__Done) referenced from core.o(.rodata.__vmt_CoreCursorEvent)
 <LI><a href="#[187]">CoreCursorEvent__Init</a> from core.o(.text.CoreCursorEvent__Init) referenced from core.o(.rodata.__vmt_CoreCursorEvent)
 <LI><a href="#[188]">CoreCursorEvent__ReInit</a> from core.o(.text.CoreCursorEvent__ReInit) referenced from core.o(.rodata.__vmt_CoreCursorEvent)
 <LI><a href="#[18c]">CoreCursorGrabEvent__Done</a> from core.o(.text.CoreCursorGrabEvent__Done) referenced from core.o(.rodata.__vmt_CoreCursorGrabEvent)
 <LI><a href="#[18a]">CoreCursorGrabEvent__Init</a> from core.o(.text.CoreCursorGrabEvent__Init) referenced from core.o(.rodata.__vmt_CoreCursorGrabEvent)
 <LI><a href="#[18b]">CoreCursorGrabEvent__ReInit</a> from core.o(.text.CoreCursorGrabEvent__ReInit) referenced from core.o(.rodata.__vmt_CoreCursorGrabEvent)
 <LI><a href="#[18f]">CoreCursorHit__Done</a> from core.o(.text.CoreCursorHit__Done) referenced from core.o(.rodata.__vmt_CoreCursorHit)
 <LI><a href="#[18d]">CoreCursorHit__Init</a> from core.o(.text.CoreCursorHit__Init) referenced from core.o(.rodata.__vmt_CoreCursorHit)
 <LI><a href="#[18e]">CoreCursorHit__ReInit</a> from core.o(.text.CoreCursorHit__ReInit) referenced from core.o(.rodata.__vmt_CoreCursorHit)
 <LI><a href="#[192]">CoreDialogContext__Done</a> from core.o(.text.CoreDialogContext__Done) referenced from core.o(.rodata.__vmt_CoreDialogContext)
 <LI><a href="#[190]">CoreDialogContext__Init</a> from core.o(.text.CoreDialogContext__Init) referenced from core.o(.rodata.__vmt_CoreDialogContext)
 <LI><a href="#[191]">CoreDialogContext__ReInit</a> from core.o(.text.CoreDialogContext__ReInit) referenced from core.o(.rodata.__vmt_CoreDialogContext)
 <LI><a href="#[195]">CoreDragEvent__Done</a> from core.o(.text.CoreDragEvent__Done) referenced from core.o(.rodata.__vmt_CoreDragEvent)
 <LI><a href="#[193]">CoreDragEvent__Init</a> from core.o(.text.CoreDragEvent__Init) referenced from core.o(.rodata.__vmt_CoreDragEvent)
 <LI><a href="#[194]">CoreDragEvent__ReInit</a> from core.o(.text.CoreDragEvent__ReInit) referenced from core.o(.rodata.__vmt_CoreDragEvent)
 <LI><a href="#[198]">CoreEvent__Done</a> from core.o(.text.CoreEvent__Done) referenced from core.o(.rodata.__vmt_CoreEvent)
 <LI><a href="#[196]">CoreEvent__Init</a> from core.o(.text.CoreEvent__Init) referenced from core.o(.rodata.__vmt_CoreEvent)
 <LI><a href="#[197]">CoreEvent__ReInit</a> from core.o(.text.CoreEvent__ReInit) referenced from core.o(.rodata.__vmt_CoreEvent)
 <LI><a href="#[16d]">CoreGroup_BroadcastEvent</a> from core.o(.text.CoreGroup_BroadcastEvent) referenced from application.o(.rodata.__vmt_ApplicationCalibration)
 <LI><a href="#[16d]">CoreGroup_BroadcastEvent</a> from core.o(.text.CoreGroup_BroadcastEvent) referenced from application.o(.rodata.__vmt_ApplicationCurrentMeasurement)
 <LI><a href="#[16d]">CoreGroup_BroadcastEvent</a> from core.o(.text.CoreGroup_BroadcastEvent) referenced from application.o(.rodata.__vmt_ApplicationDebug)
 <LI><a href="#[16d]">CoreGroup_BroadcastEvent</a> from core.o(.text.CoreGroup_BroadcastEvent) referenced from application.o(.rodata.__vmt_ApplicationDetectorScreen)
 <LI><a href="#[16d]">CoreGroup_BroadcastEvent</a> from core.o(.text.CoreGroup_BroadcastEvent) referenced from application.o(.rodata.__vmt_ApplicationDistanceMeasurement)
 <LI><a href="#[16d]">CoreGroup_BroadcastEvent</a> from core.o(.text.CoreGroup_BroadcastEvent) referenced from application.o(.rodata.__vmt_ApplicationMenu)
 <LI><a href="#[16d]">CoreGroup_BroadcastEvent</a> from core.o(.text.CoreGroup_BroadcastEvent) referenced from application.o(.rodata.__vmt_ApplicationSettings)
 <LI><a href="#[16d]">CoreGroup_BroadcastEvent</a> from core.o(.text.CoreGroup_BroadcastEvent) referenced from application.o(.rodata.__vmt_ApplicationWelcomeScreen)
 <LI><a href="#[16d]">CoreGroup_BroadcastEvent</a> from core.o(.text.CoreGroup_BroadcastEvent) referenced from core.o(.rodata.__vmt_CoreGroup)
 <LI><a href="#[16d]">CoreGroup_BroadcastEvent</a> from core.o(.text.CoreGroup_BroadcastEvent) referenced from widgetset.o(.rodata.__vmt_WidgetSetGauge)
 <LI><a href="#[16d]">CoreGroup_BroadcastEvent</a> from core.o(.text.CoreGroup_BroadcastEvent) referenced from widgetset.o(.rodata.__vmt_WidgetSetHorizontalValueBar)
 <LI><a href="#[16d]">CoreGroup_BroadcastEvent</a> from core.o(.text.CoreGroup_BroadcastEvent) referenced from widgetset.o(.rodata.__vmt_WidgetSetPushButton)
 <LI><a href="#[16d]">CoreGroup_BroadcastEvent</a> from core.o(.text.CoreGroup_BroadcastEvent) referenced from widgetset.o(.rodata.__vmt_WidgetSetToggleButton)
 <LI><a href="#[16d]">CoreGroup_BroadcastEvent</a> from core.o(.text.CoreGroup_BroadcastEvent) referenced from widgetset.o(.rodata.__vmt_WidgetSetValueDisplay)
 <LI><a href="#[167]">CoreGroup_ChangeViewState</a> from core.o(.text.CoreGroup_ChangeViewState) referenced from application.o(.rodata.__vmt_ApplicationCalibration)
 <LI><a href="#[167]">CoreGroup_ChangeViewState</a> from core.o(.text.CoreGroup_ChangeViewState) referenced from application.o(.rodata.__vmt_ApplicationCurrentMeasurement)
 <LI><a href="#[167]">CoreGroup_ChangeViewState</a> from core.o(.text.CoreGroup_ChangeViewState) referenced from application.o(.rodata.__vmt_ApplicationDebug)
 <LI><a href="#[167]">CoreGroup_ChangeViewState</a> from core.o(.text.CoreGroup_ChangeViewState) referenced from application.o(.rodata.__vmt_ApplicationDetectorScreen)
 <LI><a href="#[167]">CoreGroup_ChangeViewState</a> from core.o(.text.CoreGroup_ChangeViewState) referenced from application.o(.rodata.__vmt_ApplicationDistanceMeasurement)
 <LI><a href="#[167]">CoreGroup_ChangeViewState</a> from core.o(.text.CoreGroup_ChangeViewState) referenced from application.o(.rodata.__vmt_ApplicationMenu)
 <LI><a href="#[167]">CoreGroup_ChangeViewState</a> from core.o(.text.CoreGroup_ChangeViewState) referenced from application.o(.rodata.__vmt_ApplicationSettings)
 <LI><a href="#[167]">CoreGroup_ChangeViewState</a> from core.o(.text.CoreGroup_ChangeViewState) referenced from application.o(.rodata.__vmt_ApplicationWelcomeScreen)
 <LI><a href="#[167]">CoreGroup_ChangeViewState</a> from core.o(.text.CoreGroup_ChangeViewState) referenced from core.o(.rodata.__vmt_CoreGroup)
 <LI><a href="#[167]">CoreGroup_ChangeViewState</a> from core.o(.text.CoreGroup_ChangeViewState) referenced from widgetset.o(.rodata.__vmt_WidgetSetGauge)
 <LI><a href="#[167]">CoreGroup_ChangeViewState</a> from core.o(.text.CoreGroup_ChangeViewState) referenced from widgetset.o(.rodata.__vmt_WidgetSetHorizontalValueBar)
 <LI><a href="#[167]">CoreGroup_ChangeViewState</a> from core.o(.text.CoreGroup_ChangeViewState) referenced from widgetset.o(.rodata.__vmt_WidgetSetPushButton)
 <LI><a href="#[167]">CoreGroup_ChangeViewState</a> from core.o(.text.CoreGroup_ChangeViewState) referenced from widgetset.o(.rodata.__vmt_WidgetSetToggleButton)
 <LI><a href="#[167]">CoreGroup_ChangeViewState</a> from core.o(.text.CoreGroup_ChangeViewState) referenced from widgetset.o(.rodata.__vmt_WidgetSetValueDisplay)
 <LI><a href="#[154]">CoreGroup_CursorHitTest</a> from core.o(.text.CoreGroup_CursorHitTest) referenced from application.o(.rodata.__vmt_ApplicationApplication)
 <LI><a href="#[154]">CoreGroup_CursorHitTest</a> from core.o(.text.CoreGroup_CursorHitTest) referenced from application.o(.rodata.__vmt_ApplicationCalibration)
 <LI><a href="#[154]">CoreGroup_CursorHitTest</a> from core.o(.text.CoreGroup_CursorHitTest) referenced from application.o(.rodata.__vmt_ApplicationCurrentMeasurement)
 <LI><a href="#[154]">CoreGroup_CursorHitTest</a> from core.o(.text.CoreGroup_CursorHitTest) referenced from application.o(.rodata.__vmt_ApplicationDebug)
 <LI><a href="#[154]">CoreGroup_CursorHitTest</a> from core.o(.text.CoreGroup_CursorHitTest) referenced from application.o(.rodata.__vmt_ApplicationDetectorScreen)
 <LI><a href="#[154]">CoreGroup_CursorHitTest</a> from core.o(.text.CoreGroup_CursorHitTest) referenced from application.o(.rodata.__vmt_ApplicationDistanceMeasurement)
 <LI><a href="#[154]">CoreGroup_CursorHitTest</a> from core.o(.text.CoreGroup_CursorHitTest) referenced from application.o(.rodata.__vmt_ApplicationMenu)
 <LI><a href="#[154]">CoreGroup_CursorHitTest</a> from core.o(.text.CoreGroup_CursorHitTest) referenced from application.o(.rodata.__vmt_ApplicationSettings)
 <LI><a href="#[154]">CoreGroup_CursorHitTest</a> from core.o(.text.CoreGroup_CursorHitTest) referenced from application.o(.rodata.__vmt_ApplicationWelcomeScreen)
 <LI><a href="#[154]">CoreGroup_CursorHitTest</a> from core.o(.text.CoreGroup_CursorHitTest) referenced from core.o(.rodata.__vmt_CoreGroup)
 <LI><a href="#[154]">CoreGroup_CursorHitTest</a> from core.o(.text.CoreGroup_CursorHitTest) referenced from core.o(.rodata.__vmt_CoreRoot)
 <LI><a href="#[154]">CoreGroup_CursorHitTest</a> from core.o(.text.CoreGroup_CursorHitTest) referenced from widgetset.o(.rodata.__vmt_WidgetSetGauge)
 <LI><a href="#[154]">CoreGroup_CursorHitTest</a> from core.o(.text.CoreGroup_CursorHitTest) referenced from widgetset.o(.rodata.__vmt_WidgetSetHorizontalValueBar)
 <LI><a href="#[154]">CoreGroup_CursorHitTest</a> from core.o(.text.CoreGroup_CursorHitTest) referenced from widgetset.o(.rodata.__vmt_WidgetSetPushButton)
 <LI><a href="#[154]">CoreGroup_CursorHitTest</a> from core.o(.text.CoreGroup_CursorHitTest) referenced from widgetset.o(.rodata.__vmt_WidgetSetToggleButton)
 <LI><a href="#[154]">CoreGroup_CursorHitTest</a> from core.o(.text.CoreGroup_CursorHitTest) referenced from widgetset.o(.rodata.__vmt_WidgetSetValueDisplay)
 <LI><a href="#[16c]">CoreGroup_DispatchEvent</a> from core.o(.text.CoreGroup_DispatchEvent) referenced from application.o(.rodata.__vmt_ApplicationCalibration)
 <LI><a href="#[16c]">CoreGroup_DispatchEvent</a> from core.o(.text.CoreGroup_DispatchEvent) referenced from application.o(.rodata.__vmt_ApplicationCurrentMeasurement)
 <LI><a href="#[16c]">CoreGroup_DispatchEvent</a> from core.o(.text.CoreGroup_DispatchEvent) referenced from application.o(.rodata.__vmt_ApplicationDebug)
 <LI><a href="#[16c]">CoreGroup_DispatchEvent</a> from core.o(.text.CoreGroup_DispatchEvent) referenced from application.o(.rodata.__vmt_ApplicationDetectorScreen)
 <LI><a href="#[16c]">CoreGroup_DispatchEvent</a> from core.o(.text.CoreGroup_DispatchEvent) referenced from application.o(.rodata.__vmt_ApplicationDistanceMeasurement)
 <LI><a href="#[16c]">CoreGroup_DispatchEvent</a> from core.o(.text.CoreGroup_DispatchEvent) referenced from application.o(.rodata.__vmt_ApplicationMenu)
 <LI><a href="#[16c]">CoreGroup_DispatchEvent</a> from core.o(.text.CoreGroup_DispatchEvent) referenced from application.o(.rodata.__vmt_ApplicationSettings)
 <LI><a href="#[16c]">CoreGroup_DispatchEvent</a> from core.o(.text.CoreGroup_DispatchEvent) referenced from application.o(.rodata.__vmt_ApplicationWelcomeScreen)
 <LI><a href="#[16c]">CoreGroup_DispatchEvent</a> from core.o(.text.CoreGroup_DispatchEvent) referenced from core.o(.rodata.__vmt_CoreGroup)
 <LI><a href="#[16c]">CoreGroup_DispatchEvent</a> from core.o(.text.CoreGroup_DispatchEvent) referenced from widgetset.o(.rodata.__vmt_WidgetSetGauge)
 <LI><a href="#[16c]">CoreGroup_DispatchEvent</a> from core.o(.text.CoreGroup_DispatchEvent) referenced from widgetset.o(.rodata.__vmt_WidgetSetHorizontalValueBar)
 <LI><a href="#[16c]">CoreGroup_DispatchEvent</a> from core.o(.text.CoreGroup_DispatchEvent) referenced from widgetset.o(.rodata.__vmt_WidgetSetPushButton)
 <LI><a href="#[16c]">CoreGroup_DispatchEvent</a> from core.o(.text.CoreGroup_DispatchEvent) referenced from widgetset.o(.rodata.__vmt_WidgetSetToggleButton)
 <LI><a href="#[16c]">CoreGroup_DispatchEvent</a> from core.o(.text.CoreGroup_DispatchEvent) referenced from widgetset.o(.rodata.__vmt_WidgetSetValueDisplay)
 <LI><a href="#[166]">CoreGroup_Draw</a> from core.o(.text.CoreGroup_Draw) referenced from application.o(.rodata.__vmt_ApplicationCalibration)
 <LI><a href="#[166]">CoreGroup_Draw</a> from core.o(.text.CoreGroup_Draw) referenced from application.o(.rodata.__vmt_ApplicationCurrentMeasurement)
 <LI><a href="#[166]">CoreGroup_Draw</a> from core.o(.text.CoreGroup_Draw) referenced from application.o(.rodata.__vmt_ApplicationDebug)
 <LI><a href="#[166]">CoreGroup_Draw</a> from core.o(.text.CoreGroup_Draw) referenced from application.o(.rodata.__vmt_ApplicationDetectorScreen)
 <LI><a href="#[166]">CoreGroup_Draw</a> from core.o(.text.CoreGroup_Draw) referenced from application.o(.rodata.__vmt_ApplicationDistanceMeasurement)
 <LI><a href="#[166]">CoreGroup_Draw</a> from core.o(.text.CoreGroup_Draw) referenced from application.o(.rodata.__vmt_ApplicationMenu)
 <LI><a href="#[166]">CoreGroup_Draw</a> from core.o(.text.CoreGroup_Draw) referenced from application.o(.rodata.__vmt_ApplicationSettings)
 <LI><a href="#[166]">CoreGroup_Draw</a> from core.o(.text.CoreGroup_Draw) referenced from application.o(.rodata.__vmt_ApplicationWelcomeScreen)
 <LI><a href="#[166]">CoreGroup_Draw</a> from core.o(.text.CoreGroup_Draw) referenced from core.o(.rodata.__vmt_CoreGroup)
 <LI><a href="#[166]">CoreGroup_Draw</a> from core.o(.text.CoreGroup_Draw) referenced from widgetset.o(.rodata.__vmt_WidgetSetGauge)
 <LI><a href="#[166]">CoreGroup_Draw</a> from core.o(.text.CoreGroup_Draw) referenced from widgetset.o(.rodata.__vmt_WidgetSetHorizontalValueBar)
 <LI><a href="#[166]">CoreGroup_Draw</a> from core.o(.text.CoreGroup_Draw) referenced from widgetset.o(.rodata.__vmt_WidgetSetPushButton)
 <LI><a href="#[166]">CoreGroup_Draw</a> from core.o(.text.CoreGroup_Draw) referenced from widgetset.o(.rodata.__vmt_WidgetSetToggleButton)
 <LI><a href="#[166]">CoreGroup_Draw</a> from core.o(.text.CoreGroup_Draw) referenced from widgetset.o(.rodata.__vmt_WidgetSetValueDisplay)
 <LI><a href="#[16e]">CoreGroup_InvalidateArea</a> from core.o(.text.CoreGroup_InvalidateArea) referenced from application.o(.rodata.__vmt_ApplicationCalibration)
 <LI><a href="#[16e]">CoreGroup_InvalidateArea</a> from core.o(.text.CoreGroup_InvalidateArea) referenced from application.o(.rodata.__vmt_ApplicationCurrentMeasurement)
 <LI><a href="#[16e]">CoreGroup_InvalidateArea</a> from core.o(.text.CoreGroup_InvalidateArea) referenced from application.o(.rodata.__vmt_ApplicationDebug)
 <LI><a href="#[16e]">CoreGroup_InvalidateArea</a> from core.o(.text.CoreGroup_InvalidateArea) referenced from application.o(.rodata.__vmt_ApplicationDetectorScreen)
 <LI><a href="#[16e]">CoreGroup_InvalidateArea</a> from core.o(.text.CoreGroup_InvalidateArea) referenced from application.o(.rodata.__vmt_ApplicationDistanceMeasurement)
 <LI><a href="#[16e]">CoreGroup_InvalidateArea</a> from core.o(.text.CoreGroup_InvalidateArea) referenced from application.o(.rodata.__vmt_ApplicationMenu)
 <LI><a href="#[16e]">CoreGroup_InvalidateArea</a> from core.o(.text.CoreGroup_InvalidateArea) referenced from application.o(.rodata.__vmt_ApplicationSettings)
 <LI><a href="#[16e]">CoreGroup_InvalidateArea</a> from core.o(.text.CoreGroup_InvalidateArea) referenced from application.o(.rodata.__vmt_ApplicationWelcomeScreen)
 <LI><a href="#[16e]">CoreGroup_InvalidateArea</a> from core.o(.text.CoreGroup_InvalidateArea) referenced from core.o(.rodata.__vmt_CoreGroup)
 <LI><a href="#[16e]">CoreGroup_InvalidateArea</a> from core.o(.text.CoreGroup_InvalidateArea) referenced from widgetset.o(.rodata.__vmt_WidgetSetGauge)
 <LI><a href="#[16e]">CoreGroup_InvalidateArea</a> from core.o(.text.CoreGroup_InvalidateArea) referenced from widgetset.o(.rodata.__vmt_WidgetSetHorizontalValueBar)
 <LI><a href="#[16e]">CoreGroup_InvalidateArea</a> from core.o(.text.CoreGroup_InvalidateArea) referenced from widgetset.o(.rodata.__vmt_WidgetSetPushButton)
 <LI><a href="#[16e]">CoreGroup_InvalidateArea</a> from core.o(.text.CoreGroup_InvalidateArea) referenced from widgetset.o(.rodata.__vmt_WidgetSetToggleButton)
 <LI><a href="#[16e]">CoreGroup_InvalidateArea</a> from core.o(.text.CoreGroup_InvalidateArea) referenced from widgetset.o(.rodata.__vmt_WidgetSetValueDisplay)
 <LI><a href="#[16b]">CoreGroup_IsActiveDialog</a> from core.o(.text.CoreGroup_IsActiveDialog) referenced from application.o(.rodata.__vmt_ApplicationCalibration)
 <LI><a href="#[16b]">CoreGroup_IsActiveDialog</a> from core.o(.text.CoreGroup_IsActiveDialog) referenced from application.o(.rodata.__vmt_ApplicationCurrentMeasurement)
 <LI><a href="#[16b]">CoreGroup_IsActiveDialog</a> from core.o(.text.CoreGroup_IsActiveDialog) referenced from application.o(.rodata.__vmt_ApplicationDebug)
 <LI><a href="#[16b]">CoreGroup_IsActiveDialog</a> from core.o(.text.CoreGroup_IsActiveDialog) referenced from application.o(.rodata.__vmt_ApplicationDetectorScreen)
 <LI><a href="#[16b]">CoreGroup_IsActiveDialog</a> from core.o(.text.CoreGroup_IsActiveDialog) referenced from application.o(.rodata.__vmt_ApplicationDistanceMeasurement)
 <LI><a href="#[16b]">CoreGroup_IsActiveDialog</a> from core.o(.text.CoreGroup_IsActiveDialog) referenced from application.o(.rodata.__vmt_ApplicationMenu)
 <LI><a href="#[16b]">CoreGroup_IsActiveDialog</a> from core.o(.text.CoreGroup_IsActiveDialog) referenced from application.o(.rodata.__vmt_ApplicationSettings)
 <LI><a href="#[16b]">CoreGroup_IsActiveDialog</a> from core.o(.text.CoreGroup_IsActiveDialog) referenced from application.o(.rodata.__vmt_ApplicationWelcomeScreen)
 <LI><a href="#[16b]">CoreGroup_IsActiveDialog</a> from core.o(.text.CoreGroup_IsActiveDialog) referenced from core.o(.rodata.__vmt_CoreGroup)
 <LI><a href="#[16b]">CoreGroup_IsActiveDialog</a> from core.o(.text.CoreGroup_IsActiveDialog) referenced from widgetset.o(.rodata.__vmt_WidgetSetGauge)
 <LI><a href="#[16b]">CoreGroup_IsActiveDialog</a> from core.o(.text.CoreGroup_IsActiveDialog) referenced from widgetset.o(.rodata.__vmt_WidgetSetHorizontalValueBar)
 <LI><a href="#[16b]">CoreGroup_IsActiveDialog</a> from core.o(.text.CoreGroup_IsActiveDialog) referenced from widgetset.o(.rodata.__vmt_WidgetSetPushButton)
 <LI><a href="#[16b]">CoreGroup_IsActiveDialog</a> from core.o(.text.CoreGroup_IsActiveDialog) referenced from widgetset.o(.rodata.__vmt_WidgetSetToggleButton)
 <LI><a href="#[16b]">CoreGroup_IsActiveDialog</a> from core.o(.text.CoreGroup_IsActiveDialog) referenced from widgetset.o(.rodata.__vmt_WidgetSetValueDisplay)
 <LI><a href="#[16a]">CoreGroup_IsCurrentDialog</a> from core.o(.text.CoreGroup_IsCurrentDialog) referenced from application.o(.rodata.__vmt_ApplicationCalibration)
 <LI><a href="#[16a]">CoreGroup_IsCurrentDialog</a> from core.o(.text.CoreGroup_IsCurrentDialog) referenced from application.o(.rodata.__vmt_ApplicationCurrentMeasurement)
 <LI><a href="#[16a]">CoreGroup_IsCurrentDialog</a> from core.o(.text.CoreGroup_IsCurrentDialog) referenced from application.o(.rodata.__vmt_ApplicationDebug)
 <LI><a href="#[16a]">CoreGroup_IsCurrentDialog</a> from core.o(.text.CoreGroup_IsCurrentDialog) referenced from application.o(.rodata.__vmt_ApplicationDetectorScreen)
 <LI><a href="#[16a]">CoreGroup_IsCurrentDialog</a> from core.o(.text.CoreGroup_IsCurrentDialog) referenced from application.o(.rodata.__vmt_ApplicationDistanceMeasurement)
 <LI><a href="#[16a]">CoreGroup_IsCurrentDialog</a> from core.o(.text.CoreGroup_IsCurrentDialog) referenced from application.o(.rodata.__vmt_ApplicationMenu)
 <LI><a href="#[16a]">CoreGroup_IsCurrentDialog</a> from core.o(.text.CoreGroup_IsCurrentDialog) referenced from application.o(.rodata.__vmt_ApplicationSettings)
 <LI><a href="#[16a]">CoreGroup_IsCurrentDialog</a> from core.o(.text.CoreGroup_IsCurrentDialog) referenced from application.o(.rodata.__vmt_ApplicationWelcomeScreen)
 <LI><a href="#[16a]">CoreGroup_IsCurrentDialog</a> from core.o(.text.CoreGroup_IsCurrentDialog) referenced from core.o(.rodata.__vmt_CoreGroup)
 <LI><a href="#[16a]">CoreGroup_IsCurrentDialog</a> from core.o(.text.CoreGroup_IsCurrentDialog) referenced from widgetset.o(.rodata.__vmt_WidgetSetGauge)
 <LI><a href="#[16a]">CoreGroup_IsCurrentDialog</a> from core.o(.text.CoreGroup_IsCurrentDialog) referenced from widgetset.o(.rodata.__vmt_WidgetSetHorizontalValueBar)
 <LI><a href="#[16a]">CoreGroup_IsCurrentDialog</a> from core.o(.text.CoreGroup_IsCurrentDialog) referenced from widgetset.o(.rodata.__vmt_WidgetSetPushButton)
 <LI><a href="#[16a]">CoreGroup_IsCurrentDialog</a> from core.o(.text.CoreGroup_IsCurrentDialog) referenced from widgetset.o(.rodata.__vmt_WidgetSetToggleButton)
 <LI><a href="#[16a]">CoreGroup_IsCurrentDialog</a> from core.o(.text.CoreGroup_IsCurrentDialog) referenced from widgetset.o(.rodata.__vmt_WidgetSetValueDisplay)
 <LI><a href="#[159]">CoreGroup_OnSetBounds</a> from core.o(.text.CoreGroup_OnSetBounds) referenced from application.o(.rodata.__vmt_ApplicationApplication)
 <LI><a href="#[159]">CoreGroup_OnSetBounds</a> from core.o(.text.CoreGroup_OnSetBounds) referenced from application.o(.rodata.__vmt_ApplicationCalibration)
 <LI><a href="#[159]">CoreGroup_OnSetBounds</a> from core.o(.text.CoreGroup_OnSetBounds) referenced from application.o(.rodata.__vmt_ApplicationCurrentMeasurement)
 <LI><a href="#[159]">CoreGroup_OnSetBounds</a> from core.o(.text.CoreGroup_OnSetBounds) referenced from application.o(.rodata.__vmt_ApplicationDebug)
 <LI><a href="#[159]">CoreGroup_OnSetBounds</a> from core.o(.text.CoreGroup_OnSetBounds) referenced from application.o(.rodata.__vmt_ApplicationDetectorScreen)
 <LI><a href="#[159]">CoreGroup_OnSetBounds</a> from core.o(.text.CoreGroup_OnSetBounds) referenced from application.o(.rodata.__vmt_ApplicationDistanceMeasurement)
 <LI><a href="#[159]">CoreGroup_OnSetBounds</a> from core.o(.text.CoreGroup_OnSetBounds) referenced from application.o(.rodata.__vmt_ApplicationMenu)
 <LI><a href="#[159]">CoreGroup_OnSetBounds</a> from core.o(.text.CoreGroup_OnSetBounds) referenced from application.o(.rodata.__vmt_ApplicationSettings)
 <LI><a href="#[159]">CoreGroup_OnSetBounds</a> from core.o(.text.CoreGroup_OnSetBounds) referenced from application.o(.rodata.__vmt_ApplicationWelcomeScreen)
 <LI><a href="#[159]">CoreGroup_OnSetBounds</a> from core.o(.text.CoreGroup_OnSetBounds) referenced from core.o(.rodata.__vmt_CoreGroup)
 <LI><a href="#[159]">CoreGroup_OnSetBounds</a> from core.o(.text.CoreGroup_OnSetBounds) referenced from core.o(.rodata.__vmt_CoreRoot)
 <LI><a href="#[168]">CoreGroup_OnSetFocus</a> from core.o(.text.CoreGroup_OnSetFocus) referenced from application.o(.rodata.__vmt_ApplicationCalibration)
 <LI><a href="#[168]">CoreGroup_OnSetFocus</a> from core.o(.text.CoreGroup_OnSetFocus) referenced from application.o(.rodata.__vmt_ApplicationCurrentMeasurement)
 <LI><a href="#[168]">CoreGroup_OnSetFocus</a> from core.o(.text.CoreGroup_OnSetFocus) referenced from application.o(.rodata.__vmt_ApplicationDebug)
 <LI><a href="#[168]">CoreGroup_OnSetFocus</a> from core.o(.text.CoreGroup_OnSetFocus) referenced from application.o(.rodata.__vmt_ApplicationDetectorScreen)
 <LI><a href="#[168]">CoreGroup_OnSetFocus</a> from core.o(.text.CoreGroup_OnSetFocus) referenced from application.o(.rodata.__vmt_ApplicationDistanceMeasurement)
 <LI><a href="#[168]">CoreGroup_OnSetFocus</a> from core.o(.text.CoreGroup_OnSetFocus) referenced from application.o(.rodata.__vmt_ApplicationMenu)
 <LI><a href="#[168]">CoreGroup_OnSetFocus</a> from core.o(.text.CoreGroup_OnSetFocus) referenced from application.o(.rodata.__vmt_ApplicationSettings)
 <LI><a href="#[168]">CoreGroup_OnSetFocus</a> from core.o(.text.CoreGroup_OnSetFocus) referenced from application.o(.rodata.__vmt_ApplicationWelcomeScreen)
 <LI><a href="#[168]">CoreGroup_OnSetFocus</a> from core.o(.text.CoreGroup_OnSetFocus) referenced from core.o(.rodata.__vmt_CoreGroup)
 <LI><a href="#[168]">CoreGroup_OnSetFocus</a> from core.o(.text.CoreGroup_OnSetFocus) referenced from widgetset.o(.rodata.__vmt_WidgetSetGauge)
 <LI><a href="#[168]">CoreGroup_OnSetFocus</a> from core.o(.text.CoreGroup_OnSetFocus) referenced from widgetset.o(.rodata.__vmt_WidgetSetHorizontalValueBar)
 <LI><a href="#[168]">CoreGroup_OnSetFocus</a> from core.o(.text.CoreGroup_OnSetFocus) referenced from widgetset.o(.rodata.__vmt_WidgetSetPushButton)
 <LI><a href="#[168]">CoreGroup_OnSetFocus</a> from core.o(.text.CoreGroup_OnSetFocus) referenced from widgetset.o(.rodata.__vmt_WidgetSetToggleButton)
 <LI><a href="#[168]">CoreGroup_OnSetFocus</a> from core.o(.text.CoreGroup_OnSetFocus) referenced from widgetset.o(.rodata.__vmt_WidgetSetValueDisplay)
 <LI><a href="#[169]">CoreGroup_OnSetOpacity</a> from core.o(.text.CoreGroup_OnSetOpacity) referenced from application.o(.rodata.__vmt_ApplicationCalibration)
 <LI><a href="#[169]">CoreGroup_OnSetOpacity</a> from core.o(.text.CoreGroup_OnSetOpacity) referenced from application.o(.rodata.__vmt_ApplicationCurrentMeasurement)
 <LI><a href="#[169]">CoreGroup_OnSetOpacity</a> from core.o(.text.CoreGroup_OnSetOpacity) referenced from application.o(.rodata.__vmt_ApplicationDebug)
 <LI><a href="#[169]">CoreGroup_OnSetOpacity</a> from core.o(.text.CoreGroup_OnSetOpacity) referenced from application.o(.rodata.__vmt_ApplicationDetectorScreen)
 <LI><a href="#[169]">CoreGroup_OnSetOpacity</a> from core.o(.text.CoreGroup_OnSetOpacity) referenced from application.o(.rodata.__vmt_ApplicationDistanceMeasurement)
 <LI><a href="#[169]">CoreGroup_OnSetOpacity</a> from core.o(.text.CoreGroup_OnSetOpacity) referenced from application.o(.rodata.__vmt_ApplicationMenu)
 <LI><a href="#[169]">CoreGroup_OnSetOpacity</a> from core.o(.text.CoreGroup_OnSetOpacity) referenced from application.o(.rodata.__vmt_ApplicationSettings)
 <LI><a href="#[169]">CoreGroup_OnSetOpacity</a> from core.o(.text.CoreGroup_OnSetOpacity) referenced from application.o(.rodata.__vmt_ApplicationWelcomeScreen)
 <LI><a href="#[169]">CoreGroup_OnSetOpacity</a> from core.o(.text.CoreGroup_OnSetOpacity) referenced from core.o(.rodata.__vmt_CoreGroup)
 <LI><a href="#[169]">CoreGroup_OnSetOpacity</a> from core.o(.text.CoreGroup_OnSetOpacity) referenced from widgetset.o(.rodata.__vmt_WidgetSetGauge)
 <LI><a href="#[169]">CoreGroup_OnSetOpacity</a> from core.o(.text.CoreGroup_OnSetOpacity) referenced from widgetset.o(.rodata.__vmt_WidgetSetHorizontalValueBar)
 <LI><a href="#[169]">CoreGroup_OnSetOpacity</a> from core.o(.text.CoreGroup_OnSetOpacity) referenced from widgetset.o(.rodata.__vmt_WidgetSetPushButton)
 <LI><a href="#[169]">CoreGroup_OnSetOpacity</a> from core.o(.text.CoreGroup_OnSetOpacity) referenced from widgetset.o(.rodata.__vmt_WidgetSetToggleButton)
 <LI><a href="#[169]">CoreGroup_OnSetOpacity</a> from core.o(.text.CoreGroup_OnSetOpacity) referenced from widgetset.o(.rodata.__vmt_WidgetSetValueDisplay)
 <LI><a href="#[160]">CoreGroup_UpdateViewState</a> from core.o(.text.CoreGroup_UpdateViewState) referenced from application.o(.rodata.__vmt_ApplicationApplication)
 <LI><a href="#[160]">CoreGroup_UpdateViewState</a> from core.o(.text.CoreGroup_UpdateViewState) referenced from application.o(.rodata.__vmt_ApplicationCalibration)
 <LI><a href="#[160]">CoreGroup_UpdateViewState</a> from core.o(.text.CoreGroup_UpdateViewState) referenced from application.o(.rodata.__vmt_ApplicationCurrentMeasurement)
 <LI><a href="#[160]">CoreGroup_UpdateViewState</a> from core.o(.text.CoreGroup_UpdateViewState) referenced from application.o(.rodata.__vmt_ApplicationDebug)
 <LI><a href="#[160]">CoreGroup_UpdateViewState</a> from core.o(.text.CoreGroup_UpdateViewState) referenced from application.o(.rodata.__vmt_ApplicationDetectorScreen)
 <LI><a href="#[160]">CoreGroup_UpdateViewState</a> from core.o(.text.CoreGroup_UpdateViewState) referenced from application.o(.rodata.__vmt_ApplicationDistanceMeasurement)
 <LI><a href="#[160]">CoreGroup_UpdateViewState</a> from core.o(.text.CoreGroup_UpdateViewState) referenced from application.o(.rodata.__vmt_ApplicationMenu)
 <LI><a href="#[160]">CoreGroup_UpdateViewState</a> from core.o(.text.CoreGroup_UpdateViewState) referenced from application.o(.rodata.__vmt_ApplicationSettings)
 <LI><a href="#[160]">CoreGroup_UpdateViewState</a> from core.o(.text.CoreGroup_UpdateViewState) referenced from application.o(.rodata.__vmt_ApplicationWelcomeScreen)
 <LI><a href="#[160]">CoreGroup_UpdateViewState</a> from core.o(.text.CoreGroup_UpdateViewState) referenced from core.o(.rodata.__vmt_CoreGroup)
 <LI><a href="#[160]">CoreGroup_UpdateViewState</a> from core.o(.text.CoreGroup_UpdateViewState) referenced from core.o(.rodata.__vmt_CoreRoot)
 <LI><a href="#[19b]">CoreGroup__Done</a> from core.o(.text.CoreGroup__Done) referenced from core.o(.rodata.__vmt_CoreGroup)
 <LI><a href="#[199]">CoreGroup__Init</a> from core.o(.text.CoreGroup__Init) referenced from core.o(.rodata.__vmt_CoreGroup)
 <LI><a href="#[19a]">CoreGroup__ReInit</a> from core.o(.text.CoreGroup__ReInit) referenced from core.o(.rodata.__vmt_CoreGroup)
 <LI><a href="#[7c]">CoreGroup_updateComponent</a> from core.o(.text.CoreGroup_updateComponent) referenced 4 times from core.o(.text.CoreGroup_Add)
 <LI><a href="#[7c]">CoreGroup_updateComponent</a> from core.o(.text.CoreGroup_updateComponent) referenced 2 times from core.o(.text.CoreGroup_ChangeViewState)
 <LI><a href="#[7c]">CoreGroup_updateComponent</a> from core.o(.text.CoreGroup_updateComponent) referenced 2 times from core.o(.text.CoreGroup_InvalidateViewState)
 <LI><a href="#[7c]">CoreGroup_updateComponent</a> from core.o(.text.CoreGroup_updateComponent) referenced 2 times from core.o(.text.CoreGroup_OnSetBounds)
 <LI><a href="#[7c]">CoreGroup_updateComponent</a> from core.o(.text.CoreGroup_updateComponent) referenced 4 times from core.o(.text.CoreGroup_Remove)
 <LI><a href="#[7c]">CoreGroup_updateComponent</a> from core.o(.text.CoreGroup_updateComponent) referenced 4 times from core.o(.text.CoreGroup_RestackTop)
 <LI><a href="#[7c]">CoreGroup_updateComponent</a> from core.o(.text.CoreGroup_updateComponent) referenced 2 times from core.o(.text.CoreGroup__Init)
 <LI><a href="#[7c]">CoreGroup_updateComponent</a> from core.o(.text.CoreGroup_updateComponent) referenced 2 times from core.o(.text.CoreOutline_OnSetBounds)
 <LI><a href="#[7c]">CoreGroup_updateComponent</a> from core.o(.text.CoreGroup_updateComponent) referenced 2 times from core.o(.text.CoreQuadView_OnSetPoint1)
 <LI><a href="#[7c]">CoreGroup_updateComponent</a> from core.o(.text.CoreGroup_updateComponent) referenced 2 times from core.o(.text.CoreQuadView_OnSetPoint2)
 <LI><a href="#[7c]">CoreGroup_updateComponent</a> from core.o(.text.CoreGroup_updateComponent) referenced 2 times from core.o(.text.CoreQuadView_OnSetPoint3)
 <LI><a href="#[7c]">CoreGroup_updateComponent</a> from core.o(.text.CoreGroup_updateComponent) referenced 2 times from core.o(.text.CoreQuadView_OnSetPoint4)
 <LI><a href="#[7c]">CoreGroup_updateComponent</a> from core.o(.text.CoreGroup_updateComponent) referenced 2 times from core.o(.text.CoreRectView_OnSetBounds)
 <LI><a href="#[7c]">CoreGroup_updateComponent</a> from core.o(.text.CoreGroup_updateComponent) referenced 2 times from core.o(.text.CoreRoot__Init)
 <LI><a href="#[7c]">CoreGroup_updateComponent</a> from core.o(.text.CoreGroup_updateComponent) referenced 4 times from core.o(.text.CoreView_ChangeViewState)
 <LI><a href="#[7c]">CoreGroup_updateComponent</a> from core.o(.text.CoreGroup_updateComponent) referenced 4 times from core.o(.text.CoreView_OnSetLayout)
 <LI><a href="#[19e]">CoreKeyEvent__Done</a> from core.o(.text.CoreKeyEvent__Done) referenced from core.o(.rodata.__vmt_CoreKeyEvent)
 <LI><a href="#[19c]">CoreKeyEvent__Init</a> from core.o(.text.CoreKeyEvent__Init) referenced from core.o(.rodata.__vmt_CoreKeyEvent)
 <LI><a href="#[19d]">CoreKeyEvent__ReInit</a> from core.o(.text.CoreKeyEvent__ReInit) referenced from core.o(.rodata.__vmt_CoreKeyEvent)
 <LI><a href="#[1a1]">CoreKeyPressHandler__Done</a> from core.o(.text.CoreKeyPressHandler__Done) referenced from core.o(.rodata.__vmt_CoreKeyPressHandler)
 <LI><a href="#[19f]">CoreKeyPressHandler__Init</a> from core.o(.text.CoreKeyPressHandler__Init) referenced from core.o(.rodata.__vmt_CoreKeyPressHandler)
 <LI><a href="#[1a0]">CoreKeyPressHandler__ReInit</a> from core.o(.text.CoreKeyPressHandler__ReInit) referenced from core.o(.rodata.__vmt_CoreKeyPressHandler)
 <LI><a href="#[1a4]">CoreLayoutContext__Done</a> from core.o(.text.CoreLayoutContext__Done) referenced from core.o(.rodata.__vmt_CoreLayoutContext)
 <LI><a href="#[1a2]">CoreLayoutContext__Init</a> from core.o(.text.CoreLayoutContext__Init) referenced from core.o(.rodata.__vmt_CoreLayoutContext)
 <LI><a href="#[1a3]">CoreLayoutContext__ReInit</a> from core.o(.text.CoreLayoutContext__ReInit) referenced from core.o(.rodata.__vmt_CoreLayoutContext)
 <LI><a href="#[1a7]">CoreLayoutQuadContext__Done</a> from core.o(.text.CoreLayoutQuadContext__Done) referenced from core.o(.rodata.__vmt_CoreLayoutQuadContext)
 <LI><a href="#[1a5]">CoreLayoutQuadContext__Init</a> from core.o(.text.CoreLayoutQuadContext__Init) referenced from core.o(.rodata.__vmt_CoreLayoutQuadContext)
 <LI><a href="#[1a6]">CoreLayoutQuadContext__ReInit</a> from core.o(.text.CoreLayoutQuadContext__ReInit) referenced from core.o(.rodata.__vmt_CoreLayoutQuadContext)
 <LI><a href="#[1ab]">CoreOutline_Draw</a> from core.o(.text.CoreOutline_Draw) referenced from core.o(.rodata.__vmt_CoreOutline)
 <LI><a href="#[1ae]">CoreOutline_OnSetBounds</a> from core.o(.text.CoreOutline_OnSetBounds) referenced from core.o(.rodata.__vmt_CoreOutline)
 <LI><a href="#[1aa]">CoreOutline__Done</a> from core.o(.text.CoreOutline__Done) referenced from core.o(.rodata.__vmt_CoreOutline)
 <LI><a href="#[1a8]">CoreOutline__Init</a> from core.o(.text.CoreOutline__Init) referenced from core.o(.rodata.__vmt_CoreOutline)
 <LI><a href="#[1a9]">CoreOutline__ReInit</a> from core.o(.text.CoreOutline__ReInit) referenced from core.o(.rodata.__vmt_CoreOutline)
 <LI><a href="#[1b4]">CoreQuadView_ArrangeView</a> from core.o(.text.CoreQuadView_ArrangeView) referenced from core.o(.rodata.__vmt_CoreQuadView)
 <LI><a href="#[1b4]">CoreQuadView_ArrangeView</a> from core.o(.text.CoreQuadView_ArrangeView) referenced from core.o(.rodata.__vmt_CoreSimpleTouchHandler)
 <LI><a href="#[1b4]">CoreQuadView_ArrangeView</a> from core.o(.text.CoreQuadView_ArrangeView) referenced from views.o(.rodata.__vmt_ViewsWarpImage)
 <LI><a href="#[1b4]">CoreQuadView_ArrangeView</a> from core.o(.text.CoreQuadView_ArrangeView) referenced from views.o(.rodata.__vmt_ViewsWarpView)
 <LI><a href="#[1b6]">CoreQuadView_GetExtent</a> from core.o(.text.CoreQuadView_GetExtent) referenced from core.o(.rodata.__vmt_CoreQuadView)
 <LI><a href="#[1b6]">CoreQuadView_GetExtent</a> from core.o(.text.CoreQuadView_GetExtent) referenced from core.o(.rodata.__vmt_CoreSimpleTouchHandler)
 <LI><a href="#[1b6]">CoreQuadView_GetExtent</a> from core.o(.text.CoreQuadView_GetExtent) referenced from views.o(.rodata.__vmt_ViewsWarpImage)
 <LI><a href="#[1b6]">CoreQuadView_GetExtent</a> from core.o(.text.CoreQuadView_GetExtent) referenced from views.o(.rodata.__vmt_ViewsWarpView)
 <LI><a href="#[1b5]">CoreQuadView_MoveView</a> from core.o(.text.CoreQuadView_MoveView) referenced from core.o(.rodata.__vmt_CoreQuadView)
 <LI><a href="#[1b5]">CoreQuadView_MoveView</a> from core.o(.text.CoreQuadView_MoveView) referenced from core.o(.rodata.__vmt_CoreSimpleTouchHandler)
 <LI><a href="#[1b5]">CoreQuadView_MoveView</a> from core.o(.text.CoreQuadView_MoveView) referenced from views.o(.rodata.__vmt_ViewsWarpImage)
 <LI><a href="#[1b5]">CoreQuadView_MoveView</a> from core.o(.text.CoreQuadView_MoveView) referenced from views.o(.rodata.__vmt_ViewsWarpView)
 <LI><a href="#[1ba]">CoreQuadView_OnSetPoint1</a> from core.o(.text.CoreQuadView_OnSetPoint1) referenced from core.o(.rodata.__vmt_CoreQuadView)
 <LI><a href="#[1ba]">CoreQuadView_OnSetPoint1</a> from core.o(.text.CoreQuadView_OnSetPoint1) referenced from core.o(.rodata.__vmt_CoreSimpleTouchHandler)
 <LI><a href="#[1b9]">CoreQuadView_OnSetPoint2</a> from core.o(.text.CoreQuadView_OnSetPoint2) referenced from core.o(.rodata.__vmt_CoreQuadView)
 <LI><a href="#[1b9]">CoreQuadView_OnSetPoint2</a> from core.o(.text.CoreQuadView_OnSetPoint2) referenced from core.o(.rodata.__vmt_CoreSimpleTouchHandler)
 <LI><a href="#[1b8]">CoreQuadView_OnSetPoint3</a> from core.o(.text.CoreQuadView_OnSetPoint3) referenced from core.o(.rodata.__vmt_CoreQuadView)
 <LI><a href="#[1b8]">CoreQuadView_OnSetPoint3</a> from core.o(.text.CoreQuadView_OnSetPoint3) referenced from core.o(.rodata.__vmt_CoreSimpleTouchHandler)
 <LI><a href="#[1b7]">CoreQuadView_OnSetPoint4</a> from core.o(.text.CoreQuadView_OnSetPoint4) referenced from core.o(.rodata.__vmt_CoreQuadView)
 <LI><a href="#[1b7]">CoreQuadView_OnSetPoint4</a> from core.o(.text.CoreQuadView_OnSetPoint4) referenced from core.o(.rodata.__vmt_CoreSimpleTouchHandler)
 <LI><a href="#[1b1]">CoreQuadView__Done</a> from core.o(.text.CoreQuadView__Done) referenced from core.o(.rodata.__vmt_CoreQuadView)
 <LI><a href="#[1af]">CoreQuadView__Init</a> from core.o(.text.CoreQuadView__Init) referenced from core.o(.rodata.__vmt_CoreQuadView)
 <LI><a href="#[1b0]">CoreQuadView__ReInit</a> from core.o(.text.CoreQuadView__ReInit) referenced from core.o(.rodata.__vmt_CoreQuadView)
 <LI><a href="#[1b2]">CoreQuadView_initLayoutContext</a> from core.o(.text.CoreQuadView_initLayoutContext) referenced from core.o(.rodata.__vmt_CoreQuadView)
 <LI><a href="#[1b2]">CoreQuadView_initLayoutContext</a> from core.o(.text.CoreQuadView_initLayoutContext) referenced from core.o(.rodata.__vmt_CoreSimpleTouchHandler)
 <LI><a href="#[1b2]">CoreQuadView_initLayoutContext</a> from core.o(.text.CoreQuadView_initLayoutContext) referenced from views.o(.rodata.__vmt_ViewsWarpImage)
 <LI><a href="#[1b2]">CoreQuadView_initLayoutContext</a> from core.o(.text.CoreQuadView_initLayoutContext) referenced from views.o(.rodata.__vmt_ViewsWarpView)
 <LI><a href="#[155]">CoreRectView_ArrangeView</a> from core.o(.text.CoreRectView_ArrangeView) referenced from application.o(.rodata.__vmt_ApplicationApplication)
 <LI><a href="#[155]">CoreRectView_ArrangeView</a> from core.o(.text.CoreRectView_ArrangeView) referenced from application.o(.rodata.__vmt_ApplicationCalibration)
 <LI><a href="#[155]">CoreRectView_ArrangeView</a> from core.o(.text.CoreRectView_ArrangeView) referenced from application.o(.rodata.__vmt_ApplicationCurrentMeasurement)
 <LI><a href="#[155]">CoreRectView_ArrangeView</a> from core.o(.text.CoreRectView_ArrangeView) referenced from application.o(.rodata.__vmt_ApplicationDebug)
 <LI><a href="#[155]">CoreRectView_ArrangeView</a> from core.o(.text.CoreRectView_ArrangeView) referenced from application.o(.rodata.__vmt_ApplicationDetectorScreen)
 <LI><a href="#[155]">CoreRectView_ArrangeView</a> from core.o(.text.CoreRectView_ArrangeView) referenced from application.o(.rodata.__vmt_ApplicationDistanceMeasurement)
 <LI><a href="#[155]">CoreRectView_ArrangeView</a> from core.o(.text.CoreRectView_ArrangeView) referenced from application.o(.rodata.__vmt_ApplicationMenu)
 <LI><a href="#[155]">CoreRectView_ArrangeView</a> from core.o(.text.CoreRectView_ArrangeView) referenced from application.o(.rodata.__vmt_ApplicationSettings)
 <LI><a href="#[155]">CoreRectView_ArrangeView</a> from core.o(.text.CoreRectView_ArrangeView) referenced from application.o(.rodata.__vmt_ApplicationWelcomeScreen)
 <LI><a href="#[155]">CoreRectView_ArrangeView</a> from core.o(.text.CoreRectView_ArrangeView) referenced from core.o(.rodata.__vmt_CoreGroup)
 <LI><a href="#[155]">CoreRectView_ArrangeView</a> from core.o(.text.CoreRectView_ArrangeView) referenced from core.o(.rodata.__vmt_CoreOutline)
 <LI><a href="#[155]">CoreRectView_ArrangeView</a> from core.o(.text.CoreRectView_ArrangeView) referenced from core.o(.rodata.__vmt_CoreRectView)
 <LI><a href="#[155]">CoreRectView_ArrangeView</a> from core.o(.text.CoreRectView_ArrangeView) referenced from core.o(.rodata.__vmt_CoreRoot)
 <LI><a href="#[155]">CoreRectView_ArrangeView</a> from core.o(.text.CoreRectView_ArrangeView) referenced from views.o(.rodata.__vmt_ViewsFillPath)
 <LI><a href="#[155]">CoreRectView_ArrangeView</a> from core.o(.text.CoreRectView_ArrangeView) referenced from views.o(.rodata.__vmt_ViewsFrame)
 <LI><a href="#[155]">CoreRectView_ArrangeView</a> from core.o(.text.CoreRectView_ArrangeView) referenced from views.o(.rodata.__vmt_ViewsImage)
 <LI><a href="#[155]">CoreRectView_ArrangeView</a> from core.o(.text.CoreRectView_ArrangeView) referenced from views.o(.rodata.__vmt_ViewsRectangle)
 <LI><a href="#[155]">CoreRectView_ArrangeView</a> from core.o(.text.CoreRectView_ArrangeView) referenced from views.o(.rodata.__vmt_ViewsText)
 <LI><a href="#[155]">CoreRectView_ArrangeView</a> from core.o(.text.CoreRectView_ArrangeView) referenced from widgetset.o(.rodata.__vmt_WidgetSetGauge)
 <LI><a href="#[155]">CoreRectView_ArrangeView</a> from core.o(.text.CoreRectView_ArrangeView) referenced from widgetset.o(.rodata.__vmt_WidgetSetHorizontalValueBar)
 <LI><a href="#[155]">CoreRectView_ArrangeView</a> from core.o(.text.CoreRectView_ArrangeView) referenced from widgetset.o(.rodata.__vmt_WidgetSetPushButton)
 <LI><a href="#[155]">CoreRectView_ArrangeView</a> from core.o(.text.CoreRectView_ArrangeView) referenced from widgetset.o(.rodata.__vmt_WidgetSetToggleButton)
 <LI><a href="#[155]">CoreRectView_ArrangeView</a> from core.o(.text.CoreRectView_ArrangeView) referenced from widgetset.o(.rodata.__vmt_WidgetSetValueDisplay)
 <LI><a href="#[157]">CoreRectView_GetExtent</a> from core.o(.text.CoreRectView_GetExtent) referenced from application.o(.rodata.__vmt_ApplicationApplication)
 <LI><a href="#[157]">CoreRectView_GetExtent</a> from core.o(.text.CoreRectView_GetExtent) referenced from application.o(.rodata.__vmt_ApplicationCalibration)
 <LI><a href="#[157]">CoreRectView_GetExtent</a> from core.o(.text.CoreRectView_GetExtent) referenced from application.o(.rodata.__vmt_ApplicationCurrentMeasurement)
 <LI><a href="#[157]">CoreRectView_GetExtent</a> from core.o(.text.CoreRectView_GetExtent) referenced from application.o(.rodata.__vmt_ApplicationDebug)
 <LI><a href="#[157]">CoreRectView_GetExtent</a> from core.o(.text.CoreRectView_GetExtent) referenced from application.o(.rodata.__vmt_ApplicationDetectorScreen)
 <LI><a href="#[157]">CoreRectView_GetExtent</a> from core.o(.text.CoreRectView_GetExtent) referenced from application.o(.rodata.__vmt_ApplicationDistanceMeasurement)
 <LI><a href="#[157]">CoreRectView_GetExtent</a> from core.o(.text.CoreRectView_GetExtent) referenced from application.o(.rodata.__vmt_ApplicationMenu)
 <LI><a href="#[157]">CoreRectView_GetExtent</a> from core.o(.text.CoreRectView_GetExtent) referenced from application.o(.rodata.__vmt_ApplicationSettings)
 <LI><a href="#[157]">CoreRectView_GetExtent</a> from core.o(.text.CoreRectView_GetExtent) referenced from application.o(.rodata.__vmt_ApplicationWelcomeScreen)
 <LI><a href="#[157]">CoreRectView_GetExtent</a> from core.o(.text.CoreRectView_GetExtent) referenced from core.o(.rodata.__vmt_CoreGroup)
 <LI><a href="#[157]">CoreRectView_GetExtent</a> from core.o(.text.CoreRectView_GetExtent) referenced from core.o(.rodata.__vmt_CoreOutline)
 <LI><a href="#[157]">CoreRectView_GetExtent</a> from core.o(.text.CoreRectView_GetExtent) referenced from core.o(.rodata.__vmt_CoreRectView)
 <LI><a href="#[157]">CoreRectView_GetExtent</a> from core.o(.text.CoreRectView_GetExtent) referenced from core.o(.rodata.__vmt_CoreRoot)
 <LI><a href="#[157]">CoreRectView_GetExtent</a> from core.o(.text.CoreRectView_GetExtent) referenced from views.o(.rodata.__vmt_ViewsFillPath)
 <LI><a href="#[157]">CoreRectView_GetExtent</a> from core.o(.text.CoreRectView_GetExtent) referenced from views.o(.rodata.__vmt_ViewsFrame)
 <LI><a href="#[157]">CoreRectView_GetExtent</a> from core.o(.text.CoreRectView_GetExtent) referenced from views.o(.rodata.__vmt_ViewsImage)
 <LI><a href="#[157]">CoreRectView_GetExtent</a> from core.o(.text.CoreRectView_GetExtent) referenced from views.o(.rodata.__vmt_ViewsRectangle)
 <LI><a href="#[157]">CoreRectView_GetExtent</a> from core.o(.text.CoreRectView_GetExtent) referenced from views.o(.rodata.__vmt_ViewsText)
 <LI><a href="#[157]">CoreRectView_GetExtent</a> from core.o(.text.CoreRectView_GetExtent) referenced from widgetset.o(.rodata.__vmt_WidgetSetGauge)
 <LI><a href="#[157]">CoreRectView_GetExtent</a> from core.o(.text.CoreRectView_GetExtent) referenced from widgetset.o(.rodata.__vmt_WidgetSetHorizontalValueBar)
 <LI><a href="#[157]">CoreRectView_GetExtent</a> from core.o(.text.CoreRectView_GetExtent) referenced from widgetset.o(.rodata.__vmt_WidgetSetPushButton)
 <LI><a href="#[157]">CoreRectView_GetExtent</a> from core.o(.text.CoreRectView_GetExtent) referenced from widgetset.o(.rodata.__vmt_WidgetSetToggleButton)
 <LI><a href="#[157]">CoreRectView_GetExtent</a> from core.o(.text.CoreRectView_GetExtent) referenced from widgetset.o(.rodata.__vmt_WidgetSetValueDisplay)
 <LI><a href="#[156]">CoreRectView_MoveView</a> from core.o(.text.CoreRectView_MoveView) referenced from application.o(.rodata.__vmt_ApplicationApplication)
 <LI><a href="#[156]">CoreRectView_MoveView</a> from core.o(.text.CoreRectView_MoveView) referenced from application.o(.rodata.__vmt_ApplicationCalibration)
 <LI><a href="#[156]">CoreRectView_MoveView</a> from core.o(.text.CoreRectView_MoveView) referenced from application.o(.rodata.__vmt_ApplicationCurrentMeasurement)
 <LI><a href="#[156]">CoreRectView_MoveView</a> from core.o(.text.CoreRectView_MoveView) referenced from application.o(.rodata.__vmt_ApplicationDebug)
 <LI><a href="#[156]">CoreRectView_MoveView</a> from core.o(.text.CoreRectView_MoveView) referenced from application.o(.rodata.__vmt_ApplicationDetectorScreen)
 <LI><a href="#[156]">CoreRectView_MoveView</a> from core.o(.text.CoreRectView_MoveView) referenced from application.o(.rodata.__vmt_ApplicationDistanceMeasurement)
 <LI><a href="#[156]">CoreRectView_MoveView</a> from core.o(.text.CoreRectView_MoveView) referenced from application.o(.rodata.__vmt_ApplicationMenu)
 <LI><a href="#[156]">CoreRectView_MoveView</a> from core.o(.text.CoreRectView_MoveView) referenced from application.o(.rodata.__vmt_ApplicationSettings)
 <LI><a href="#[156]">CoreRectView_MoveView</a> from core.o(.text.CoreRectView_MoveView) referenced from application.o(.rodata.__vmt_ApplicationWelcomeScreen)
 <LI><a href="#[156]">CoreRectView_MoveView</a> from core.o(.text.CoreRectView_MoveView) referenced from core.o(.rodata.__vmt_CoreGroup)
 <LI><a href="#[156]">CoreRectView_MoveView</a> from core.o(.text.CoreRectView_MoveView) referenced from core.o(.rodata.__vmt_CoreOutline)
 <LI><a href="#[156]">CoreRectView_MoveView</a> from core.o(.text.CoreRectView_MoveView) referenced from core.o(.rodata.__vmt_CoreRectView)
 <LI><a href="#[156]">CoreRectView_MoveView</a> from core.o(.text.CoreRectView_MoveView) referenced from core.o(.rodata.__vmt_CoreRoot)
 <LI><a href="#[156]">CoreRectView_MoveView</a> from core.o(.text.CoreRectView_MoveView) referenced from views.o(.rodata.__vmt_ViewsFillPath)
 <LI><a href="#[156]">CoreRectView_MoveView</a> from core.o(.text.CoreRectView_MoveView) referenced from views.o(.rodata.__vmt_ViewsFrame)
 <LI><a href="#[156]">CoreRectView_MoveView</a> from core.o(.text.CoreRectView_MoveView) referenced from views.o(.rodata.__vmt_ViewsImage)
 <LI><a href="#[156]">CoreRectView_MoveView</a> from core.o(.text.CoreRectView_MoveView) referenced from views.o(.rodata.__vmt_ViewsRectangle)
 <LI><a href="#[156]">CoreRectView_MoveView</a> from core.o(.text.CoreRectView_MoveView) referenced from views.o(.rodata.__vmt_ViewsText)
 <LI><a href="#[156]">CoreRectView_MoveView</a> from core.o(.text.CoreRectView_MoveView) referenced from widgetset.o(.rodata.__vmt_WidgetSetGauge)
 <LI><a href="#[156]">CoreRectView_MoveView</a> from core.o(.text.CoreRectView_MoveView) referenced from widgetset.o(.rodata.__vmt_WidgetSetHorizontalValueBar)
 <LI><a href="#[156]">CoreRectView_MoveView</a> from core.o(.text.CoreRectView_MoveView) referenced from widgetset.o(.rodata.__vmt_WidgetSetPushButton)
 <LI><a href="#[156]">CoreRectView_MoveView</a> from core.o(.text.CoreRectView_MoveView) referenced from widgetset.o(.rodata.__vmt_WidgetSetToggleButton)
 <LI><a href="#[156]">CoreRectView_MoveView</a> from core.o(.text.CoreRectView_MoveView) referenced from widgetset.o(.rodata.__vmt_WidgetSetValueDisplay)
 <LI><a href="#[1be]">CoreRectView_OnSetBounds</a> from core.o(.text.CoreRectView_OnSetBounds) referenced from core.o(.rodata.__vmt_CoreRectView)
 <LI><a href="#[1be]">CoreRectView_OnSetBounds</a> from core.o(.text.CoreRectView_OnSetBounds) referenced from views.o(.rodata.__vmt_ViewsFillPath)
 <LI><a href="#[1be]">CoreRectView_OnSetBounds</a> from core.o(.text.CoreRectView_OnSetBounds) referenced from views.o(.rodata.__vmt_ViewsFrame)
 <LI><a href="#[1be]">CoreRectView_OnSetBounds</a> from core.o(.text.CoreRectView_OnSetBounds) referenced from views.o(.rodata.__vmt_ViewsImage)
 <LI><a href="#[1be]">CoreRectView_OnSetBounds</a> from core.o(.text.CoreRectView_OnSetBounds) referenced from views.o(.rodata.__vmt_ViewsRectangle)
 <LI><a href="#[1bd]">CoreRectView__Done</a> from core.o(.text.CoreRectView__Done) referenced from core.o(.rodata.__vmt_CoreRectView)
 <LI><a href="#[1bb]">CoreRectView__Init</a> from core.o(.text.CoreRectView__Init) referenced from core.o(.rodata.__vmt_CoreRectView)
 <LI><a href="#[1bc]">CoreRectView__ReInit</a> from core.o(.text.CoreRectView__ReInit) referenced from core.o(.rodata.__vmt_CoreRectView)
 <LI><a href="#[150]">CoreRectView_initLayoutContext</a> from core.o(.text.CoreRectView_initLayoutContext) referenced from application.o(.rodata.__vmt_ApplicationApplication)
 <LI><a href="#[150]">CoreRectView_initLayoutContext</a> from core.o(.text.CoreRectView_initLayoutContext) referenced from application.o(.rodata.__vmt_ApplicationCalibration)
 <LI><a href="#[150]">CoreRectView_initLayoutContext</a> from core.o(.text.CoreRectView_initLayoutContext) referenced from application.o(.rodata.__vmt_ApplicationCurrentMeasurement)
 <LI><a href="#[150]">CoreRectView_initLayoutContext</a> from core.o(.text.CoreRectView_initLayoutContext) referenced from application.o(.rodata.__vmt_ApplicationDebug)
 <LI><a href="#[150]">CoreRectView_initLayoutContext</a> from core.o(.text.CoreRectView_initLayoutContext) referenced from application.o(.rodata.__vmt_ApplicationDetectorScreen)
 <LI><a href="#[150]">CoreRectView_initLayoutContext</a> from core.o(.text.CoreRectView_initLayoutContext) referenced from application.o(.rodata.__vmt_ApplicationDistanceMeasurement)
 <LI><a href="#[150]">CoreRectView_initLayoutContext</a> from core.o(.text.CoreRectView_initLayoutContext) referenced from application.o(.rodata.__vmt_ApplicationMenu)
 <LI><a href="#[150]">CoreRectView_initLayoutContext</a> from core.o(.text.CoreRectView_initLayoutContext) referenced from application.o(.rodata.__vmt_ApplicationSettings)
 <LI><a href="#[150]">CoreRectView_initLayoutContext</a> from core.o(.text.CoreRectView_initLayoutContext) referenced from application.o(.rodata.__vmt_ApplicationWelcomeScreen)
 <LI><a href="#[150]">CoreRectView_initLayoutContext</a> from core.o(.text.CoreRectView_initLayoutContext) referenced from core.o(.rodata.__vmt_CoreGroup)
 <LI><a href="#[150]">CoreRectView_initLayoutContext</a> from core.o(.text.CoreRectView_initLayoutContext) referenced from core.o(.rodata.__vmt_CoreOutline)
 <LI><a href="#[150]">CoreRectView_initLayoutContext</a> from core.o(.text.CoreRectView_initLayoutContext) referenced from core.o(.rodata.__vmt_CoreRectView)
 <LI><a href="#[150]">CoreRectView_initLayoutContext</a> from core.o(.text.CoreRectView_initLayoutContext) referenced from core.o(.rodata.__vmt_CoreRoot)
 <LI><a href="#[150]">CoreRectView_initLayoutContext</a> from core.o(.text.CoreRectView_initLayoutContext) referenced from views.o(.rodata.__vmt_ViewsFillPath)
 <LI><a href="#[150]">CoreRectView_initLayoutContext</a> from core.o(.text.CoreRectView_initLayoutContext) referenced from views.o(.rodata.__vmt_ViewsFrame)
 <LI><a href="#[150]">CoreRectView_initLayoutContext</a> from core.o(.text.CoreRectView_initLayoutContext) referenced from views.o(.rodata.__vmt_ViewsImage)
 <LI><a href="#[150]">CoreRectView_initLayoutContext</a> from core.o(.text.CoreRectView_initLayoutContext) referenced from views.o(.rodata.__vmt_ViewsRectangle)
 <LI><a href="#[150]">CoreRectView_initLayoutContext</a> from core.o(.text.CoreRectView_initLayoutContext) referenced from views.o(.rodata.__vmt_ViewsText)
 <LI><a href="#[150]">CoreRectView_initLayoutContext</a> from core.o(.text.CoreRectView_initLayoutContext) referenced from widgetset.o(.rodata.__vmt_WidgetSetGauge)
 <LI><a href="#[150]">CoreRectView_initLayoutContext</a> from core.o(.text.CoreRectView_initLayoutContext) referenced from widgetset.o(.rodata.__vmt_WidgetSetHorizontalValueBar)
 <LI><a href="#[150]">CoreRectView_initLayoutContext</a> from core.o(.text.CoreRectView_initLayoutContext) referenced from widgetset.o(.rodata.__vmt_WidgetSetPushButton)
 <LI><a href="#[150]">CoreRectView_initLayoutContext</a> from core.o(.text.CoreRectView_initLayoutContext) referenced from widgetset.o(.rodata.__vmt_WidgetSetToggleButton)
 <LI><a href="#[150]">CoreRectView_initLayoutContext</a> from core.o(.text.CoreRectView_initLayoutContext) referenced from widgetset.o(.rodata.__vmt_WidgetSetValueDisplay)
 <LI><a href="#[1c1]">CoreResource__Done</a> from core.o(.text.CoreResource__Done) referenced from core.o(.rodata.__vmt_CoreResource)
 <LI><a href="#[1bf]">CoreResource__Init</a> from core.o(.text.CoreResource__Init) referenced from core.o(.rodata.__vmt_CoreResource)
 <LI><a href="#[1c0]">CoreResource__ReInit</a> from core.o(.text.CoreResource__ReInit) referenced from core.o(.rodata.__vmt_CoreResource)
 <LI><a href="#[15f]">CoreRoot_BroadcastEvent</a> from core.o(.text.CoreRoot_BroadcastEvent) referenced from application.o(.rodata.__vmt_ApplicationApplication)
 <LI><a href="#[15f]">CoreRoot_BroadcastEvent</a> from core.o(.text.CoreRoot_BroadcastEvent) referenced from core.o(.rodata.__vmt_CoreRoot)
 <LI><a href="#[158]">CoreRoot_ChangeViewState</a> from core.o(.text.CoreRoot_ChangeViewState) referenced from application.o(.rodata.__vmt_ApplicationApplication)
 <LI><a href="#[158]">CoreRoot_ChangeViewState</a> from core.o(.text.CoreRoot_ChangeViewState) referenced from core.o(.rodata.__vmt_CoreRoot)
 <LI><a href="#[15e]">CoreRoot_DispatchEvent</a> from core.o(.text.CoreRoot_DispatchEvent) referenced from application.o(.rodata.__vmt_ApplicationApplication)
 <LI><a href="#[15e]">CoreRoot_DispatchEvent</a> from core.o(.text.CoreRoot_DispatchEvent) referenced from core.o(.rodata.__vmt_CoreRoot)
 <LI><a href="#[152]">CoreRoot_Draw</a> from core.o(.text.CoreRoot_Draw) referenced from application.o(.rodata.__vmt_ApplicationApplication)
 <LI><a href="#[152]">CoreRoot_Draw</a> from core.o(.text.CoreRoot_Draw) referenced from core.o(.rodata.__vmt_CoreRoot)
 <LI><a href="#[151]">CoreRoot_GetRoot</a> from core.o(.text.CoreRoot_GetRoot) referenced from application.o(.rodata.__vmt_ApplicationApplication)
 <LI><a href="#[151]">CoreRoot_GetRoot</a> from core.o(.text.CoreRoot_GetRoot) referenced from core.o(.rodata.__vmt_CoreRoot)
 <LI><a href="#[161]">CoreRoot_InvalidateArea</a> from core.o(.text.CoreRoot_InvalidateArea) referenced from application.o(.rodata.__vmt_ApplicationApplication)
 <LI><a href="#[161]">CoreRoot_InvalidateArea</a> from core.o(.text.CoreRoot_InvalidateArea) referenced from core.o(.rodata.__vmt_CoreRoot)
 <LI><a href="#[15d]">CoreRoot_IsActiveDialog</a> from core.o(.text.CoreRoot_IsActiveDialog) referenced from application.o(.rodata.__vmt_ApplicationApplication)
 <LI><a href="#[15d]">CoreRoot_IsActiveDialog</a> from core.o(.text.CoreRoot_IsActiveDialog) referenced from core.o(.rodata.__vmt_CoreRoot)
 <LI><a href="#[15c]">CoreRoot_IsCurrentDialog</a> from core.o(.text.CoreRoot_IsCurrentDialog) referenced from application.o(.rodata.__vmt_ApplicationApplication)
 <LI><a href="#[15c]">CoreRoot_IsCurrentDialog</a> from core.o(.text.CoreRoot_IsCurrentDialog) referenced from core.o(.rodata.__vmt_CoreRoot)
 <LI><a href="#[15a]">CoreRoot_OnSetFocus</a> from core.o(.text.CoreRoot_OnSetFocus) referenced from application.o(.rodata.__vmt_ApplicationApplication)
 <LI><a href="#[15a]">CoreRoot_OnSetFocus</a> from core.o(.text.CoreRoot_OnSetFocus) referenced from core.o(.rodata.__vmt_CoreRoot)
 <LI><a href="#[15b]">CoreRoot_OnSetOpacity</a> from core.o(.text.CoreRoot_OnSetOpacity) referenced from application.o(.rodata.__vmt_ApplicationApplication)
 <LI><a href="#[15b]">CoreRoot_OnSetOpacity</a> from core.o(.text.CoreRoot_OnSetOpacity) referenced from core.o(.rodata.__vmt_CoreRoot)
 <LI><a href="#[1c4]">CoreRoot__Done</a> from core.o(.text.CoreRoot__Done) referenced from core.o(.rodata.__vmt_CoreRoot)
 <LI><a href="#[1c2]">CoreRoot__Init</a> from core.o(.text.CoreRoot__Init) referenced from core.o(.rodata.__vmt_CoreRoot)
 <LI><a href="#[1c3]">CoreRoot__ReInit</a> from core.o(.text.CoreRoot__ReInit) referenced from core.o(.rodata.__vmt_CoreRoot)
 <LI><a href="#[7f]">CoreRoot_cursorHoldTimerProc</a> from core.o(.text.CoreRoot_cursorHoldTimerProc) referenced 2 times from core.o(.text.CoreRoot__Init)
 <LI><a href="#[1ca]">CoreSimpleTouchHandler_CursorHitTest</a> from core.o(.text.CoreSimpleTouchHandler_CursorHitTest) referenced from core.o(.rodata.__vmt_CoreSimpleTouchHandler)
 <LI><a href="#[1c8]">CoreSimpleTouchHandler_Draw</a> from core.o(.text.CoreSimpleTouchHandler_Draw) referenced from core.o(.rodata.__vmt_CoreSimpleTouchHandler)
 <LI><a href="#[1c9]">CoreSimpleTouchHandler_HandleEvent</a> from core.o(.text.CoreSimpleTouchHandler_HandleEvent) referenced from core.o(.rodata.__vmt_CoreSimpleTouchHandler)
 <LI><a href="#[1c7]">CoreSimpleTouchHandler__Done</a> from core.o(.text.CoreSimpleTouchHandler__Done) referenced from core.o(.rodata.__vmt_CoreSimpleTouchHandler)
 <LI><a href="#[1c5]">CoreSimpleTouchHandler__Init</a> from core.o(.text.CoreSimpleTouchHandler__Init) referenced from core.o(.rodata.__vmt_CoreSimpleTouchHandler)
 <LI><a href="#[1c6]">CoreSimpleTouchHandler__ReInit</a> from core.o(.text.CoreSimpleTouchHandler__ReInit) referenced from core.o(.rodata.__vmt_CoreSimpleTouchHandler)
 <LI><a href="#[1d4]">CoreTaskQueue__Done</a> from core.o(.text.CoreTaskQueue__Done) referenced from core.o(.rodata.__vmt_CoreTaskQueue)
 <LI><a href="#[1d2]">CoreTaskQueue__Init</a> from core.o(.text.CoreTaskQueue__Init) referenced from core.o(.rodata.__vmt_CoreTaskQueue)
 <LI><a href="#[1d3]">CoreTaskQueue__ReInit</a> from core.o(.text.CoreTaskQueue__ReInit) referenced from core.o(.rodata.__vmt_CoreTaskQueue)
 <LI><a href="#[82]">CoreTaskQueue_onDispatchNext</a> from core.o(.text.CoreTaskQueue_onDispatchNext) referenced 2 times from core.o(.text.CoreTaskQueue_onPreDispatchNext3)
 <LI><a href="#[7d]">CoreTaskQueue_onPreDispatchNext1</a> from core.o(.text.CoreTaskQueue_onPreDispatchNext1) referenced 2 times from core.o(.text.CoreGroup_FadeGroup)
 <LI><a href="#[7d]">CoreTaskQueue_onPreDispatchNext1</a> from core.o(.text.CoreTaskQueue_onPreDispatchNext1) referenced 2 times from core.o(.text.CoreTaskQueue_CancelTask)
 <LI><a href="#[7d]">CoreTaskQueue_onPreDispatchNext1</a> from core.o(.text.CoreTaskQueue_onPreDispatchNext1) referenced 2 times from core.o(.text.CoreTask_Complete)
 <LI><a href="#[80]">CoreTaskQueue_onPreDispatchNext2</a> from core.o(.text.CoreTaskQueue_onPreDispatchNext2) referenced 2 times from core.o(.text.CoreTaskQueue_onPreDispatchNext1)
 <LI><a href="#[81]">CoreTaskQueue_onPreDispatchNext3</a> from core.o(.text.CoreTaskQueue_onPreDispatchNext3) referenced 2 times from core.o(.text.CoreTaskQueue_onPreDispatchNext2)
 <LI><a href="#[1d1]">CoreTask_Complete</a> from core.o(.text.CoreTask_Complete) referenced from core.o(.rodata.__vmt_CoreTask)
 <LI><a href="#[1cf]">CoreTask_OnCancel</a> from core.o(.text.CoreTask_OnCancel) referenced from core.o(.rodata.__vmt_CoreTask)
 <LI><a href="#[1ce]">CoreTask_OnComplete</a> from core.o(.text.CoreTask_OnComplete) referenced from core.o(.rodata.__vmt_CoreTask)
 <LI><a href="#[1d0]">CoreTask_OnStart</a> from core.o(.text.CoreTask_OnStart) referenced from core.o(.rodata.__vmt_CoreTask)
 <LI><a href="#[1cd]">CoreTask__Done</a> from core.o(.text.CoreTask__Done) referenced from core.o(.rodata.__vmt_CoreTask)
 <LI><a href="#[1cb]">CoreTask__Init</a> from core.o(.text.CoreTask__Init) referenced from core.o(.rodata.__vmt_CoreTask)
 <LI><a href="#[1cc]">CoreTask__ReInit</a> from core.o(.text.CoreTask__ReInit) referenced from core.o(.rodata.__vmt_CoreTask)
 <LI><a href="#[1d8]">CoreTimer_Trigger</a> from core.o(.text.CoreTimer_Trigger) referenced from core.o(.rodata.__vmt_CoreTimer)
 <LI><a href="#[1d7]">CoreTimer__Done</a> from core.o(.text.CoreTimer__Done) referenced from core.o(.rodata.__vmt_CoreTimer)
 <LI><a href="#[1d5]">CoreTimer__Init</a> from core.o(.text.CoreTimer__Init) referenced from core.o(.rodata.__vmt_CoreTimer)
 <LI><a href="#[1d6]">CoreTimer__ReInit</a> from core.o(.text.CoreTimer__ReInit) referenced from core.o(.rodata.__vmt_CoreTimer)
 <LI><a href="#[1dd]">CoreView_ArrangeView</a> from core.o(.text.CoreView_ArrangeView) referenced from core.o(.rodata.__vmt_CoreView)
 <LI><a href="#[1ad]">CoreView_ChangeViewState</a> from core.o(.text.CoreView_ChangeViewState) referenced from core.o(.rodata.__vmt_CoreOutline)
 <LI><a href="#[1ad]">CoreView_ChangeViewState</a> from core.o(.text.CoreView_ChangeViewState) referenced from core.o(.rodata.__vmt_CoreQuadView)
 <LI><a href="#[1ad]">CoreView_ChangeViewState</a> from core.o(.text.CoreView_ChangeViewState) referenced from core.o(.rodata.__vmt_CoreRectView)
 <LI><a href="#[1ad]">CoreView_ChangeViewState</a> from core.o(.text.CoreView_ChangeViewState) referenced from core.o(.rodata.__vmt_CoreSimpleTouchHandler)
 <LI><a href="#[1ad]">CoreView_ChangeViewState</a> from core.o(.text.CoreView_ChangeViewState) referenced from core.o(.rodata.__vmt_CoreView)
 <LI><a href="#[1ad]">CoreView_ChangeViewState</a> from core.o(.text.CoreView_ChangeViewState) referenced from views.o(.rodata.__vmt_ViewsFillPath)
 <LI><a href="#[1ad]">CoreView_ChangeViewState</a> from core.o(.text.CoreView_ChangeViewState) referenced from views.o(.rodata.__vmt_ViewsFrame)
 <LI><a href="#[1ad]">CoreView_ChangeViewState</a> from core.o(.text.CoreView_ChangeViewState) referenced from views.o(.rodata.__vmt_ViewsImage)
 <LI><a href="#[1ad]">CoreView_ChangeViewState</a> from core.o(.text.CoreView_ChangeViewState) referenced from views.o(.rodata.__vmt_ViewsRectangle)
 <LI><a href="#[1ad]">CoreView_ChangeViewState</a> from core.o(.text.CoreView_ChangeViewState) referenced from views.o(.rodata.__vmt_ViewsText)
 <LI><a href="#[1ad]">CoreView_ChangeViewState</a> from core.o(.text.CoreView_ChangeViewState) referenced from views.o(.rodata.__vmt_ViewsWarpImage)
 <LI><a href="#[1ad]">CoreView_ChangeViewState</a> from core.o(.text.CoreView_ChangeViewState) referenced from views.o(.rodata.__vmt_ViewsWarpView)
 <LI><a href="#[1ac]">CoreView_CursorHitTest</a> from core.o(.text.CoreView_CursorHitTest) referenced from core.o(.rodata.__vmt_CoreOutline)
 <LI><a href="#[1ac]">CoreView_CursorHitTest</a> from core.o(.text.CoreView_CursorHitTest) referenced from core.o(.rodata.__vmt_CoreQuadView)
 <LI><a href="#[1ac]">CoreView_CursorHitTest</a> from core.o(.text.CoreView_CursorHitTest) referenced from core.o(.rodata.__vmt_CoreRectView)
 <LI><a href="#[1ac]">CoreView_CursorHitTest</a> from core.o(.text.CoreView_CursorHitTest) referenced from core.o(.rodata.__vmt_CoreView)
 <LI><a href="#[1ac]">CoreView_CursorHitTest</a> from core.o(.text.CoreView_CursorHitTest) referenced from views.o(.rodata.__vmt_ViewsFillPath)
 <LI><a href="#[1ac]">CoreView_CursorHitTest</a> from core.o(.text.CoreView_CursorHitTest) referenced from views.o(.rodata.__vmt_ViewsFrame)
 <LI><a href="#[1ac]">CoreView_CursorHitTest</a> from core.o(.text.CoreView_CursorHitTest) referenced from views.o(.rodata.__vmt_ViewsImage)
 <LI><a href="#[1ac]">CoreView_CursorHitTest</a> from core.o(.text.CoreView_CursorHitTest) referenced from views.o(.rodata.__vmt_ViewsRectangle)
 <LI><a href="#[1ac]">CoreView_CursorHitTest</a> from core.o(.text.CoreView_CursorHitTest) referenced from views.o(.rodata.__vmt_ViewsText)
 <LI><a href="#[1ac]">CoreView_CursorHitTest</a> from core.o(.text.CoreView_CursorHitTest) referenced from views.o(.rodata.__vmt_ViewsWarpImage)
 <LI><a href="#[1ac]">CoreView_CursorHitTest</a> from core.o(.text.CoreView_CursorHitTest) referenced from views.o(.rodata.__vmt_ViewsWarpView)
 <LI><a href="#[1b3]">CoreView_Draw</a> from core.o(.text.CoreView_Draw) referenced from core.o(.rodata.__vmt_CoreQuadView)
 <LI><a href="#[1b3]">CoreView_Draw</a> from core.o(.text.CoreView_Draw) referenced from core.o(.rodata.__vmt_CoreRectView)
 <LI><a href="#[1b3]">CoreView_Draw</a> from core.o(.text.CoreView_Draw) referenced from core.o(.rodata.__vmt_CoreView)
 <LI><a href="#[1b3]">CoreView_Draw</a> from core.o(.text.CoreView_Draw) referenced from views.o(.rodata.__vmt_ViewsWarpView)
 <LI><a href="#[1df]">CoreView_GetExtent</a> from core.o(.text.CoreView_GetExtent) referenced from core.o(.rodata.__vmt_CoreView)
 <LI><a href="#[165]">CoreView_GetRoot</a> from core.o(.text.CoreView_GetRoot) referenced from application.o(.rodata.__vmt_ApplicationCalibration)
 <LI><a href="#[165]">CoreView_GetRoot</a> from core.o(.text.CoreView_GetRoot) referenced from application.o(.rodata.__vmt_ApplicationCurrentMeasurement)
 <LI><a href="#[165]">CoreView_GetRoot</a> from core.o(.text.CoreView_GetRoot) referenced from application.o(.rodata.__vmt_ApplicationDebug)
[...]
<BR><BR>[Stack]<UL><LI>Max Depth = 2236<LI>Call Chain = GuiThread &rArr; EwProcess &rArr; EwEndUpdate &rArr; EwCopyBitmap &rArr; MapBitmapFrame &rArr; DrawFrameGrid &rArr; EwLockSurface &rArr; EwFlushTasks &rArr;  EwFlushTasks (Cycle)
</UL>
<BR>[Calls]<UL><LI><a href="#[431]">&gt;&gt;</a>&nbsp;&nbsp;&nbsp;EwProcess
<LI><a href="#[430]">&gt;&gt;</a>&nbsp;&nbsp;&nbsp;EwPrintSystemInfo
<LI><a href="#[407]">&gt;&gt;</a>&nbsp;&nbsp;&nbsp;EwInit
<LI><a href="#[3c3]">&gt;&gt;</a>&nbsp;&nbsp;&nbsp;EwDone
</UL>
<BR>[Address Reference Count : 1]<UL><LI> main.o(.rodata..L__const.main.os_thread_def_EwThreadHandle)
</UL>
<P><STRONG><a name="[4ee]"></a>prvUnlockQueue</STRONG> (Thumb, 116 bytes, Stack size 24 bytes, queue.o(.text.prvUnlockQueue))
<BR><BR>[Stack]<UL><LI>Max Depth = 40<LI>Call Chain = prvUnlockQueue &rArr; xTaskRemoveFromEventList
</UL>
<BR>[Calls]<UL><LI><a href="#[4ef]">&gt;&gt;</a>&nbsp;&nbsp;&nbsp;xTaskRemoveFromEventList
<LI><a href="#[4f0]">&gt;&gt;</a>&nbsp;&nbsp;&nbsp;vTaskMissedYield
<LI><a href="#[4ec]">&gt;&gt;</a>&nbsp;&nbsp;&nbsp;vPortExitCritical
<LI><a href="#[4eb]">&gt;&gt;</a>&nbsp;&nbsp;&nbsp;vPortEnterCritical
</UL>
<BR>[Called By]<UL><LI><a href="#[4e1]">&gt;&gt;</a>&nbsp;&nbsp;&nbsp;xQueueSemaphoreTake
<LI><a href="#[4dd]">&gt;&gt;</a>&nbsp;&nbsp;&nbsp;xQueueGenericSend
</UL>

<P><STRONG><a name="[4e7]"></a>prvAddCurrentTaskToDelayedList</STRONG> (Thumb, 166 bytes, Stack size 24 bytes, tasks.o(.text.prvAddCurrentTaskToDelayedList))
<BR><BR>[Stack]<UL><LI>Max Depth = 32<LI>Call Chain = prvAddCurrentTaskToDelayedList &rArr; vListInsert
</UL>
<BR>[Calls]<UL><LI><a href="#[4e9]">&gt;&gt;</a>&nbsp;&nbsp;&nbsp;vListInsertEnd
<LI><a href="#[4ea]">&gt;&gt;</a>&nbsp;&nbsp;&nbsp;vListInsert
<LI><a href="#[4e8]">&gt;&gt;</a>&nbsp;&nbsp;&nbsp;uxListRemove
</UL>
<BR>[Called By]<UL><LI><a href="#[4f4]">&gt;&gt;</a>&nbsp;&nbsp;&nbsp;vTaskPlaceOnEventList
<LI><a href="#[4e2]">&gt;&gt;</a>&nbsp;&nbsp;&nbsp;xTaskNotifyWait
</UL>

<P><STRONG><a name="[d8]"></a>prvIdleTask</STRONG> (Thumb, 118 bytes, Stack size 0 bytes, tasks.o(.text.prvIdleTask))
<BR><BR>[Stack]<UL><LI>Max Depth = 96<LI>Call Chain = prvIdleTask &rArr; vPortFree &rArr; xTaskResumeAll &rArr; xTaskIncrementTick
</UL>
<BR>[Calls]<UL><LI><a href="#[4ed]">&gt;&gt;</a>&nbsp;&nbsp;&nbsp;vPortFree
<LI><a href="#[4ec]">&gt;&gt;</a>&nbsp;&nbsp;&nbsp;vPortExitCritical
<LI><a href="#[4eb]">&gt;&gt;</a>&nbsp;&nbsp;&nbsp;vPortEnterCritical
<LI><a href="#[4e8]">&gt;&gt;</a>&nbsp;&nbsp;&nbsp;uxListRemove
</UL>
<BR>[Address Reference Count : 1]<UL><LI> tasks.o(.text.vTaskStartScheduler)
</UL>
<P><STRONG><a name="[4f9]"></a>prvPortStartFirstTask</STRONG> (Thumb, 34 bytes, Stack size 0 bytes, port.o(.text.prvPortStartFirstTask))
<BR><BR>[Called By]<UL><LI><a href="#[4f6]">&gt;&gt;</a>&nbsp;&nbsp;&nbsp;xPortStartScheduler
</UL>

<P><STRONG><a name="[d7]"></a>prvTaskExitError</STRONG> (Thumb, 62 bytes, Stack size 4 bytes, port.o(.text.prvTaskExitError))
<BR><BR>[Stack]<UL><LI>Max Depth = 4<LI>Call Chain = prvTaskExitError
</UL>
<BR>[Address Reference Count : 1]<UL><LI> port.o(.text.pxPortInitialiseStack)
</UL>
<P><STRONG><a name="[4f8]"></a>vPortEnableVFP</STRONG> (Thumb, 14 bytes, Stack size 0 bytes, port.o(.text.vPortEnableVFP))
<BR><BR>[Called By]<UL><LI><a href="#[4f6]">&gt;&gt;</a>&nbsp;&nbsp;&nbsp;xPortStartScheduler
</UL>

<P><STRONG><a name="[7e]"></a>TimerProc</STRONG> (Thumb, 6 bytes, Stack size 0 bytes, core.o(.text.TimerProc))
<BR>[Address Reference Count : 5]<UL><LI> core.o(.text.CoreRoot__Init)
<LI> core.o(.text.CoreTimer_OnSetPeriod)
<LI> core.o(.text.CoreTimer_OnSetEnabled)
<LI> core.o(.text.CoreRoot_DriveMultiTouchHitting)
<LI> core.o(.text.CoreTimer_OnSetBegin)
</UL>
<P><STRONG><a name="[33a]"></a>DrawFrameGrid</STRONG> (Thumb, 290 bytes, Stack size 112 bytes, ewgfx.o(.text.DrawFrameGrid))
<BR><BR>[Stack]<UL><LI>Max Depth = 1380<LI>Call Chain = DrawFrameGrid &rArr; EwLockSurface &rArr; EwFlushTasks &rArr;  EwFlushTasks (Cycle)
</UL>
<BR>[Calls]<UL><LI><a href="#[33c]">&gt;&gt;</a>&nbsp;&nbsp;&nbsp;EwZero
<LI><a href="#[33d]">&gt;&gt;</a>&nbsp;&nbsp;&nbsp;EwUnlockSurface
<LI><a href="#[33b]">&gt;&gt;</a>&nbsp;&nbsp;&nbsp;EwLockSurface
</UL>
<BR>[Called By]<UL><LI><a href="#[3a6]">&gt;&gt;</a>&nbsp;&nbsp;&nbsp;MapBitmapFrame
</UL>

<P><STRONG><a name="[3d3]"></a>GetGlyph</STRONG> (Thumb, 438 bytes, Stack size 120 bytes, ewgfx.o(.text.GetGlyph))
<BR><BR>[Stack]<UL><LI>Max Depth = 1444 + In Cycle
<LI>Call Chain = GetGlyph &rArr;  GetGlyph (Cycle)
</UL>
<BR>[Calls]<UL><LI><a href="#[3d3]">&gt;&gt;</a>&nbsp;&nbsp;&nbsp;GetGlyph
<LI><a href="#[445]">&gt;&gt;</a>&nbsp;&nbsp;&nbsp;EwUnlockGlyphCache
<LI><a href="#[41f]">&gt;&gt;</a>&nbsp;&nbsp;&nbsp;EwLockGlyphCache
<LI><a href="#[3d5]">&gt;&gt;</a>&nbsp;&nbsp;&nbsp;EwFreeGlyph
<LI><a href="#[3f4]">&gt;&gt;</a>&nbsp;&nbsp;&nbsp;EwFntLoadGlyph
<LI><a href="#[44a]">&gt;&gt;</a>&nbsp;&nbsp;&nbsp;EwFntGetGlyphMetrics
<LI><a href="#[3f1]">&gt;&gt;</a>&nbsp;&nbsp;&nbsp;EwFindGlyph
<LI><a href="#[3d6]">&gt;&gt;</a>&nbsp;&nbsp;&nbsp;EwErrorSD
<LI><a href="#[3be]">&gt;&gt;</a>&nbsp;&nbsp;&nbsp;EwDiscardGlyph
<LI><a href="#[3b5]">&gt;&gt;</a>&nbsp;&nbsp;&nbsp;EwCreateGlyph
</UL>
<BR>[Called By]<UL><LI><a href="#[3d2]">&gt;&gt;</a>&nbsp;&nbsp;&nbsp;EwGetTextAdvance
<LI><a href="#[3d1]">&gt;&gt;</a>&nbsp;&nbsp;&nbsp;EwDrawText
<LI><a href="#[3d3]">&gt;&gt;</a>&nbsp;&nbsp;&nbsp;GetGlyph
<LI><a href="#[404]">&gt;&gt;</a>&nbsp;&nbsp;&nbsp;EwGetGlyphMetrics
</UL>

<P><STRONG><a name="[3af]"></a>InitBitmap</STRONG> (Thumb, 868 bytes, Stack size 80 bytes, ewgfx.o(.text.InitBitmap))
<BR><BR>[Stack]<UL><LI>Max Depth = 336<LI>Call Chain = InitBitmap &rArr; EwErrorDD &rArr; EwPrint &rArr; EwFormatFloatToAnsiString &rArr; EwMove &rArr; __aeabi_memmove
</UL>
<BR>[Calls]<UL><LI><a href="#[33c]">&gt;&gt;</a>&nbsp;&nbsp;&nbsp;EwZero
<LI><a href="#[28d]">&gt;&gt;</a>&nbsp;&nbsp;&nbsp;EwAlloc
<LI><a href="#[28e]">&gt;&gt;</a>&nbsp;&nbsp;&nbsp;EwImmediateReclaimMemory
<LI><a href="#[3e3]">&gt;&gt;</a>&nbsp;&nbsp;&nbsp;EwErrorDD
<LI><a href="#[28f]">&gt;&gt;</a>&nbsp;&nbsp;&nbsp;EwError
</UL>
<BR>[Called By]<UL><LI><a href="#[416]">&gt;&gt;</a>&nbsp;&nbsp;&nbsp;EwLoadBitmap
<LI><a href="#[3ae]">&gt;&gt;</a>&nbsp;&nbsp;&nbsp;EwCreateBitmap
</UL>

<P><STRONG><a name="[3a6]"></a>MapBitmapFrame</STRONG> (Thumb, 1800 bytes, Stack size 232 bytes, ewgfx.o(.text.MapBitmapFrame))
<BR><BR>[Stack]<UL><LI>Max Depth = 1612<LI>Call Chain = MapBitmapFrame &rArr; DrawFrameGrid &rArr; EwLockSurface &rArr; EwFlushTasks &rArr;  EwFlushTasks (Cycle)
</UL>
<BR>[Calls]<UL><LI><a href="#[33a]">&gt;&gt;</a>&nbsp;&nbsp;&nbsp;DrawFrameGrid
<LI><a href="#[364]">&gt;&gt;</a>&nbsp;&nbsp;&nbsp;EwCopy
<LI><a href="#[33d]">&gt;&gt;</a>&nbsp;&nbsp;&nbsp;EwUnlockSurface
<LI><a href="#[33b]">&gt;&gt;</a>&nbsp;&nbsp;&nbsp;EwLockSurface
<LI><a href="#[3f2]">&gt;&gt;</a>&nbsp;&nbsp;&nbsp;EwFindSurface
<LI><a href="#[359]">&gt;&gt;</a>&nbsp;&nbsp;&nbsp;EwErrorPD
<LI><a href="#[3e3]">&gt;&gt;</a>&nbsp;&nbsp;&nbsp;EwErrorDD
<LI><a href="#[3b7]">&gt;&gt;</a>&nbsp;&nbsp;&nbsp;EwCreateSurface
<LI><a href="#[3b1]">&gt;&gt;</a>&nbsp;&nbsp;&nbsp;EwCreateConstSurface
<LI><a href="#[369]">&gt;&gt;</a>&nbsp;&nbsp;&nbsp;EwBmpOpen
<LI><a href="#[365]">&gt;&gt;</a>&nbsp;&nbsp;&nbsp;EwBmpLoadFrame
<LI><a href="#[363]">&gt;&gt;</a>&nbsp;&nbsp;&nbsp;EwBmpLoadClut
<LI><a href="#[418]">&gt;&gt;</a>&nbsp;&nbsp;&nbsp;EwBmpGetFrameMemory
<LI><a href="#[419]">&gt;&gt;</a>&nbsp;&nbsp;&nbsp;EwBmpClose
</UL>
<BR>[Called By]<UL><LI><a href="#[416]">&gt;&gt;</a>&nbsp;&nbsp;&nbsp;EwLoadBitmap
<LI><a href="#[447]">&gt;&gt;</a>&nbsp;&nbsp;&nbsp;EwWarpBitmap
<LI><a href="#[3f0]">&gt;&gt;</a>&nbsp;&nbsp;&nbsp;EwFillRectangle
<LI><a href="#[3ed]">&gt;&gt;</a>&nbsp;&nbsp;&nbsp;EwFillPath
<LI><a href="#[3d1]">&gt;&gt;</a>&nbsp;&nbsp;&nbsp;EwDrawText
<LI><a href="#[3ae]">&gt;&gt;</a>&nbsp;&nbsp;&nbsp;EwCreateBitmap
<LI><a href="#[3a5]">&gt;&gt;</a>&nbsp;&nbsp;&nbsp;EwCopyBitmap
<LI><a href="#[3d0]">&gt;&gt;</a>&nbsp;&nbsp;&nbsp;EwTileBitmap
<LI><a href="#[412]">&gt;&gt;</a>&nbsp;&nbsp;&nbsp;EwLockBitmap
</UL>

<P><STRONG><a name="[3ee]"></a>UpdatePath</STRONG> (Thumb, 840 bytes, Stack size 88 bytes, ewgfx.o(.text.UpdatePath))
<BR><BR>[Stack]<UL><LI>Max Depth = 120<LI>Call Chain = UpdatePath &rArr; EwUnionRect
</UL>
<BR>[Calls]<UL><LI><a href="#[306]">&gt;&gt;</a>&nbsp;&nbsp;&nbsp;EwNewRect
<LI><a href="#[30b]">&gt;&gt;</a>&nbsp;&nbsp;&nbsp;EwUnionRect
</UL>
<BR>[Called By]<UL><LI><a href="#[3ed]">&gt;&gt;</a>&nbsp;&nbsp;&nbsp;EwFillPath
</UL>

<P><STRONG><a name="[8a]"></a>UpdateWatermark1</STRONG> (Thumb, 124 bytes, Stack size 16 bytes, ewgfx.o(.text.UpdateWatermark1))
<BR><BR>[Stack]<UL><LI>Max Depth = 80<LI>Call Chain = UpdateWatermark1 &rArr; EwMathRandInt32 &rArr; EwBspClockGetTime &rArr; HAL_RTC_GetTime
</UL>
<BR>[Calls]<UL><LI><a href="#[2e3]">&gt;&gt;</a>&nbsp;&nbsp;&nbsp;EwGetTicks
<LI><a href="#[411]">&gt;&gt;</a>&nbsp;&nbsp;&nbsp;EwMathRandInt32
</UL>
<BR>[Address Reference Count : 3]<UL><LI> ewgfx.o(.text.EwInitGraphicsEngine)
<LI> ewgfx.o(.data.UpdateWatermarkProc)
<LI> ewgfx.o(.text.EwGetOverlayArea)
</UL>
<P><STRONG><a name="[ab]"></a>UpdateWatermark2</STRONG> (Thumb, 298 bytes, Stack size 40 bytes, ewgfx.o(.text.UpdateWatermark2))
<BR><BR>[Stack]<UL><LI>Max Depth = 104<LI>Call Chain = UpdateWatermark2 &rArr; EwMathRandInt32 &rArr; EwBspClockGetTime &rArr; HAL_RTC_GetTime
</UL>
<BR>[Calls]<UL><LI><a href="#[2e3]">&gt;&gt;</a>&nbsp;&nbsp;&nbsp;EwGetTicks
<LI><a href="#[411]">&gt;&gt;</a>&nbsp;&nbsp;&nbsp;EwMathRandInt32
</UL>
<BR>[Address Reference Count : 1]<UL><LI> ewgfx.o(.text.UpdateWatermark1)
</UL>
<P><STRONG><a name="[2e0]"></a>CleanSurfaceCache</STRONG> (Thumb, 228 bytes, Stack size 40 bytes, ewgfxcore.o(.text.CleanSurfaceCache))
<BR><BR>[Stack]<UL><LI>Max Depth = 348<LI>Call Chain = CleanSurfaceCache &rArr; DiscardSurface &rArr; GfxDestroySurface &rArr; EwFreeVideo &rArr; EwFree &rArr; EwFreeHeapBlock &rArr; EwErrorPD &rArr; EwPrint &rArr; EwFormatFloatToAnsiString &rArr; EwMove &rArr; __aeabi_memmove
</UL>
<BR>[Calls]<UL><LI><a href="#[2e1]">&gt;&gt;</a>&nbsp;&nbsp;&nbsp;DiscardSurface
<LI><a href="#[2e2]">&gt;&gt;</a>&nbsp;&nbsp;&nbsp;EwCanDiscardSurface
</UL>
<BR>[Called By]<UL><LI><a href="#[3b0]">&gt;&gt;</a>&nbsp;&nbsp;&nbsp;EwFreeSurface
<LI><a href="#[3a8]">&gt;&gt;</a>&nbsp;&nbsp;&nbsp;EwFlushTasks
<LI><a href="#[3b7]">&gt;&gt;</a>&nbsp;&nbsp;&nbsp;EwCreateSurface
<LI><a href="#[3b1]">&gt;&gt;</a>&nbsp;&nbsp;&nbsp;EwCreateConstSurface
</UL>

<P><STRONG><a name="[337]"></a>DiscardGlyph</STRONG> (Thumb, 604 bytes, Stack size 40 bytes, ewgfxcore.o(.text.DiscardGlyph))
<BR><BR>[Stack]<UL><LI>Max Depth = 332<LI>Call Chain = DiscardGlyph &rArr; EwFree &rArr; EwFreeHeapBlock &rArr; EwErrorPD &rArr; EwPrint &rArr; EwFormatFloatToAnsiString &rArr; EwMove &rArr; __aeabi_memmove
</UL>
<BR>[Calls]<UL><LI><a href="#[338]">&gt;&gt;</a>&nbsp;&nbsp;&nbsp;EwFree
</UL>
<BR>[Called By]<UL><LI><a href="#[3b3]">&gt;&gt;</a>&nbsp;&nbsp;&nbsp;FlushAndClean
<LI><a href="#[3ca]">&gt;&gt;</a>&nbsp;&nbsp;&nbsp;EwDoneGfxCore
<LI><a href="#[3be]">&gt;&gt;</a>&nbsp;&nbsp;&nbsp;EwDiscardGlyph
</UL>

<P><STRONG><a name="[2e1]"></a>DiscardSurface</STRONG> (Thumb, 230 bytes, Stack size 8 bytes, ewgfxcore.o(.text.DiscardSurface))
<BR><BR>[Stack]<UL><LI>Max Depth = 308<LI>Call Chain = DiscardSurface &rArr; GfxDestroySurface &rArr; EwFreeVideo &rArr; EwFree &rArr; EwFreeHeapBlock &rArr; EwErrorPD &rArr; EwPrint &rArr; EwFormatFloatToAnsiString &rArr; EwMove &rArr; __aeabi_memmove
</UL>
<BR>[Calls]<UL><LI><a href="#[339]">&gt;&gt;</a>&nbsp;&nbsp;&nbsp;GfxDestroySurface
<LI><a href="#[338]">&gt;&gt;</a>&nbsp;&nbsp;&nbsp;EwFree
</UL>
<BR>[Called By]<UL><LI><a href="#[3b3]">&gt;&gt;</a>&nbsp;&nbsp;&nbsp;FlushAndClean
<LI><a href="#[2e0]">&gt;&gt;</a>&nbsp;&nbsp;&nbsp;CleanSurfaceCache
<LI><a href="#[3b0]">&gt;&gt;</a>&nbsp;&nbsp;&nbsp;EwFreeSurface
<LI><a href="#[3ca]">&gt;&gt;</a>&nbsp;&nbsp;&nbsp;EwDoneGfxCore
</UL>

<P><STRONG><a name="[3b3]"></a>FlushAndClean</STRONG> (Thumb, 298 bytes, Stack size 40 bytes, ewgfxcore.o(.text.FlushAndClean))
<BR><BR>[Stack]<UL><LI>Max Depth = 1212<LI>Call Chain = FlushAndClean &rArr; ProcessIssues &rArr; EwExecuteTasks &rArr;  EwLockSurface (Cycle)
</UL>
<BR>[Calls]<UL><LI><a href="#[3b2]">&gt;&gt;</a>&nbsp;&nbsp;&nbsp;ProcessIssues
<LI><a href="#[2e1]">&gt;&gt;</a>&nbsp;&nbsp;&nbsp;DiscardSurface
<LI><a href="#[337]">&gt;&gt;</a>&nbsp;&nbsp;&nbsp;DiscardGlyph
<LI><a href="#[2e2]">&gt;&gt;</a>&nbsp;&nbsp;&nbsp;EwCanDiscardSurface
</UL>
<BR>[Called By]<UL><LI><a href="#[3a9]">&gt;&gt;</a>&nbsp;&nbsp;&nbsp;EwInitIssue
<LI><a href="#[3b7]">&gt;&gt;</a>&nbsp;&nbsp;&nbsp;EwCreateSurface
<LI><a href="#[3b5]">&gt;&gt;</a>&nbsp;&nbsp;&nbsp;EwCreateGlyph
<LI><a href="#[3b1]">&gt;&gt;</a>&nbsp;&nbsp;&nbsp;EwCreateConstSurface
</UL>

<P><STRONG><a name="[3b2]"></a>ProcessIssues</STRONG> (Thumb, 276 bytes, Stack size 32 bytes, ewgfxcore.o(.text.ProcessIssues))
<BR><BR>[Stack]<UL><LI>Max Depth = 1172<LI>Call Chain = ProcessIssues &rArr; EwExecuteTasks &rArr;  EwLockSurface (Cycle)
</UL>
<BR>[Calls]<UL><LI><a href="#[3e4]">&gt;&gt;</a>&nbsp;&nbsp;&nbsp;EwExecuteTasks
<LI><a href="#[491]">&gt;&gt;</a>&nbsp;&nbsp;&nbsp;EwCompleteTasks
</UL>
<BR>[Called By]<UL><LI><a href="#[3b3]">&gt;&gt;</a>&nbsp;&nbsp;&nbsp;FlushAndClean
<LI><a href="#[3e1]">&gt;&gt;</a>&nbsp;&nbsp;&nbsp;EwWaitForSurface
<LI><a href="#[33b]">&gt;&gt;</a>&nbsp;&nbsp;&nbsp;EwLockSurface
<LI><a href="#[3a9]">&gt;&gt;</a>&nbsp;&nbsp;&nbsp;EwInitIssue
<LI><a href="#[3a8]">&gt;&gt;</a>&nbsp;&nbsp;&nbsp;EwFlushTasks
<LI><a href="#[3f2]">&gt;&gt;</a>&nbsp;&nbsp;&nbsp;EwFindSurface
<LI><a href="#[3f1]">&gt;&gt;</a>&nbsp;&nbsp;&nbsp;EwFindGlyph
<LI><a href="#[3ca]">&gt;&gt;</a>&nbsp;&nbsp;&nbsp;EwDoneGfxCore
<LI><a href="#[3b7]">&gt;&gt;</a>&nbsp;&nbsp;&nbsp;EwCreateSurface
<LI><a href="#[3b5]">&gt;&gt;</a>&nbsp;&nbsp;&nbsp;EwCreateGlyph
<LI><a href="#[3b1]">&gt;&gt;</a>&nbsp;&nbsp;&nbsp;EwCreateConstSurface
</UL>

<P><STRONG><a name="[3df]"></a>GetInterpolationFactor</STRONG> (Thumb, 152 bytes, Stack size 36 bytes, ewgfxdriver.o(.text.GetInterpolationFactor))
<BR><BR>[Stack]<UL><LI>Max Depth = 36<LI>Call Chain = GetInterpolationFactor
</UL>
<BR>[Called By]<UL><LI><a href="#[3de]">&gt;&gt;</a>&nbsp;&nbsp;&nbsp;EwEmulateWarp
</UL>

<P><STRONG><a name="[3dc]"></a>RasterPolygonRow_AA_EO</STRONG> (Thumb, 1082 bytes, Stack size 112 bytes, ewgfxdriver.o(.text.RasterPolygonRow_AA_EO))
<BR><BR>[Stack]<UL><LI>Max Depth = 120<LI>Call Chain = RasterPolygonRow_AA_EO &rArr; EwFill
</UL>
<BR>[Calls]<UL><LI><a href="#[3ec]">&gt;&gt;</a>&nbsp;&nbsp;&nbsp;EwFill
</UL>
<BR>[Called By]<UL><LI><a href="#[3d9]">&gt;&gt;</a>&nbsp;&nbsp;&nbsp;EwEmulateFillPolygon
</UL>

<P><STRONG><a name="[3da]"></a>RasterPolygonRow_AA_NZW</STRONG> (Thumb, 1242 bytes, Stack size 80 bytes, ewgfxdriver.o(.text.RasterPolygonRow_AA_NZW))
<BR><BR>[Stack]<UL><LI>Max Depth = 88<LI>Call Chain = RasterPolygonRow_AA_NZW &rArr; EwFill
</UL>
<BR>[Calls]<UL><LI><a href="#[3ec]">&gt;&gt;</a>&nbsp;&nbsp;&nbsp;EwFill
</UL>
<BR>[Called By]<UL><LI><a href="#[3d9]">&gt;&gt;</a>&nbsp;&nbsp;&nbsp;EwEmulateFillPolygon
</UL>

<P><STRONG><a name="[3dd]"></a>RasterPolygonRow_EO</STRONG> (Thumb, 798 bytes, Stack size 56 bytes, ewgfxdriver.o(.text.RasterPolygonRow_EO))
<BR><BR>[Stack]<UL><LI>Max Depth = 64<LI>Call Chain = RasterPolygonRow_EO &rArr; EwFill
</UL>
<BR>[Calls]<UL><LI><a href="#[3ec]">&gt;&gt;</a>&nbsp;&nbsp;&nbsp;EwFill
</UL>
<BR>[Called By]<UL><LI><a href="#[3d9]">&gt;&gt;</a>&nbsp;&nbsp;&nbsp;EwEmulateFillPolygon
</UL>

<P><STRONG><a name="[3db]"></a>RasterPolygonRow_NZW</STRONG> (Thumb, 884 bytes, Stack size 64 bytes, ewgfxdriver.o(.text.RasterPolygonRow_NZW))
<BR><BR>[Stack]<UL><LI>Max Depth = 72<LI>Call Chain = RasterPolygonRow_NZW &rArr; EwFill
</UL>
<BR>[Calls]<UL><LI><a href="#[3ec]">&gt;&gt;</a>&nbsp;&nbsp;&nbsp;EwFill
</UL>
<BR>[Called By]<UL><LI><a href="#[3d9]">&gt;&gt;</a>&nbsp;&nbsp;&nbsp;EwEmulateFillPolygon
</UL>

<P><STRONG><a name="[28c]"></a>AddSignal</STRONG> (Thumb, 288 bytes, Stack size 24 bytes, ewslot.o(.text.AddSignal))
<BR><BR>[Stack]<UL><LI>Max Depth = 280<LI>Call Chain = AddSignal &rArr; EwPanic &rArr; EwPrint &rArr; EwFormatFloatToAnsiString &rArr; EwMove &rArr; __aeabi_memmove
</UL>
<BR>[Calls]<UL><LI><a href="#[290]">&gt;&gt;</a>&nbsp;&nbsp;&nbsp;EwPanic
<LI><a href="#[28d]">&gt;&gt;</a>&nbsp;&nbsp;&nbsp;EwAlloc
<LI><a href="#[28e]">&gt;&gt;</a>&nbsp;&nbsp;&nbsp;EwImmediateReclaimMemory
<LI><a href="#[28f]">&gt;&gt;</a>&nbsp;&nbsp;&nbsp;EwError
</UL>
<BR>[Called By]<UL><LI><a href="#[2be]">&gt;&gt;</a>&nbsp;&nbsp;&nbsp;EwNotifyRefObservers
<LI><a href="#[340]">&gt;&gt;</a>&nbsp;&nbsp;&nbsp;EwNotifyObjObservers
<LI><a href="#[2e5]">&gt;&gt;</a>&nbsp;&nbsp;&nbsp;EwPostSignal
</UL>

<P><STRONG><a name="[291]"></a>AllocString</STRONG> (Thumb, 158 bytes, Stack size 8 bytes, ewstring.o(.text.AllocString))
<BR><BR>[Stack]<UL><LI>Max Depth = 264<LI>Call Chain = AllocString &rArr; EwError &rArr; EwPrint &rArr; EwFormatFloatToAnsiString &rArr; EwMove &rArr; __aeabi_memmove
</UL>
<BR>[Calls]<UL><LI><a href="#[28d]">&gt;&gt;</a>&nbsp;&nbsp;&nbsp;EwAlloc
<LI><a href="#[28e]">&gt;&gt;</a>&nbsp;&nbsp;&nbsp;EwImmediateReclaimMemory
<LI><a href="#[28f]">&gt;&gt;</a>&nbsp;&nbsp;&nbsp;EwError
</UL>
<BR>[Called By]<UL><LI><a href="#[43f]">&gt;&gt;</a>&nbsp;&nbsp;&nbsp;EwStringMiddle
<LI><a href="#[43c]">&gt;&gt;</a>&nbsp;&nbsp;&nbsp;EwSetStringChar
<LI><a href="#[3a2]">&gt;&gt;</a>&nbsp;&nbsp;&nbsp;EwConcatString
<LI><a href="#[3a1]">&gt;&gt;</a>&nbsp;&nbsp;&nbsp;EwConcatCharString
<LI><a href="#[440]">&gt;&gt;</a>&nbsp;&nbsp;&nbsp;EwStringRemove
<LI><a href="#[429]">&gt;&gt;</a>&nbsp;&nbsp;&nbsp;EwNewStringFloat
<LI><a href="#[428]">&gt;&gt;</a>&nbsp;&nbsp;&nbsp;EwNewStringChar
</UL>

<P><STRONG><a name="[3a0]"></a>VerifyString</STRONG> (Thumb, 148 bytes, Stack size 16 bytes, ewstring.o(.text.VerifyString))
<BR><BR>[Stack]<UL><LI>Max Depth = 272<LI>Call Chain = VerifyString &rArr; EwPrint &rArr; EwFormatFloatToAnsiString &rArr; EwMove &rArr; __aeabi_memmove
</UL>
<BR>[Calls]<UL><LI><a href="#[2df]">&gt;&gt;</a>&nbsp;&nbsp;&nbsp;EwPrint
<LI><a href="#[290]">&gt;&gt;</a>&nbsp;&nbsp;&nbsp;EwPanic
</UL>
<BR>[Called By]<UL><LI><a href="#[43f]">&gt;&gt;</a>&nbsp;&nbsp;&nbsp;EwStringMiddle
<LI><a href="#[43e]">&gt;&gt;</a>&nbsp;&nbsp;&nbsp;EwStringFindChar
<LI><a href="#[43d]">&gt;&gt;</a>&nbsp;&nbsp;&nbsp;EwShareString
<LI><a href="#[43c]">&gt;&gt;</a>&nbsp;&nbsp;&nbsp;EwSetStringChar
<LI><a href="#[405]">&gt;&gt;</a>&nbsp;&nbsp;&nbsp;EwGetStringChar
<LI><a href="#[3a2]">&gt;&gt;</a>&nbsp;&nbsp;&nbsp;EwConcatString
<LI><a href="#[3a1]">&gt;&gt;</a>&nbsp;&nbsp;&nbsp;EwConcatCharString
<LI><a href="#[39f]">&gt;&gt;</a>&nbsp;&nbsp;&nbsp;EwCompString
<LI><a href="#[360]">&gt;&gt;</a>&nbsp;&nbsp;&nbsp;EwGetStringLength
<LI><a href="#[440]">&gt;&gt;</a>&nbsp;&nbsp;&nbsp;EwStringRemove
</UL>

<P><STRONG><a name="[3e5]"></a>WarpSurface1</STRONG> (Thumb, 346 bytes, Stack size 112 bytes, ewgfxtasks.o(.text.WarpSurface1))
<BR><BR>[Stack]<UL><LI>Max Depth = 168<LI>Call Chain = WarpSurface1 &rArr; EwUnlockSurface
</UL>
<BR>[Calls]<UL><LI><a href="#[33d]">&gt;&gt;</a>&nbsp;&nbsp;&nbsp;EwUnlockSurface
</UL>
<BR>[Called By]<UL><LI><a href="#[3e4]">&gt;&gt;</a>&nbsp;&nbsp;&nbsp;EwExecuteTasks
</UL>

<P><STRONG><a name="[3e8]"></a>WarpSurface2</STRONG> (Thumb, 720 bytes, Stack size 256 bytes, ewgfxtasks.o(.text.WarpSurface2))
<BR><BR>[Stack]<UL><LI>Max Depth = 668 + In Cycle
<LI>Call Chain = WarpSurface2 &rArr;  EwLockSurface (Cycle)
</UL>
<BR>[Calls]<UL><LI><a href="#[3e6]">&gt;&gt;</a>&nbsp;&nbsp;&nbsp;EwInitColorGradient
<LI><a href="#[3de]">&gt;&gt;</a>&nbsp;&nbsp;&nbsp;EwEmulateWarp
<LI><a href="#[33d]">&gt;&gt;</a>&nbsp;&nbsp;&nbsp;EwUnlockSurface
<LI><a href="#[33b]">&gt;&gt;</a>&nbsp;&nbsp;&nbsp;EwLockSurface
</UL>
<BR>[Called By]<UL><LI><a href="#[3e4]">&gt;&gt;</a>&nbsp;&nbsp;&nbsp;EwExecuteTasks
</UL>
<P>
<H3>
Undefined Global Symbols
</H3><HR></body></html>
